0	1.0	augmented/damage-damage-train-0001-augmented-0.JPEG
1	1.0	augmented/damage-damage-train-0002-augmented-0.JPEG
2	1.0	augmented/damage-damage-train-0003-augmented-0.JPEG
3	1.0	augmented/damage-damage-train-0004-augmented-0.JPEG
4	1.0	augmented/damage-damage-train-0005-augmented-0.JPEG
5	1.0	augmented/damage-damage-train-0006-augmented-0.JPEG
6	1.0	augmented/damage-damage-train-0007-augmented-0.JPEG
7	1.0	augmented/damage-damage-train-0008-augmented-0.JPEG
8	1.0	augmented/damage-damage-train-0009-augmented-0.JPEG
9	1.0	augmented/damage-damage-train-0010-augmented-0.JPEG
10	1.0	augmented/damage-damage-train-0011-augmented-0.JPEG
11	1.0	augmented/damage-damage-train-0012-augmented-0.JPEG
12	1.0	augmented/damage-damage-train-0013-augmented-0.JPEG
13	1.0	augmented/damage-damage-train-0014-augmented-0.JPEG
14	1.0	augmented/damage-damage-train-0015-augmented-0.JPEG
15	1.0	augmented/damage-damage-train-0016-augmented-0.JPEG
16	1.0	augmented/damage-damage-train-0017-augmented-0.JPEG
17	1.0	augmented/damage-damage-train-0018-augmented-0.JPEG
18	1.0	augmented/damage-damage-train-0019-augmented-0.JPEG
19	1.0	augmented/damage-damage-train-0020-augmented-0.JPEG
20	1.0	augmented/damage-damage-train-0021-augmented-0.JPEG
21	1.0	augmented/damage-damage-train-0022-augmented-0.JPEG
22	1.0	augmented/damage-damage-train-0023-augmented-0.JPEG
23	1.0	augmented/damage-damage-train-0024-augmented-0.JPEG
24	1.0	augmented/damage-damage-train-0025-augmented-0.JPEG
25	1.0	augmented/damage-damage-train-0026-augmented-0.JPEG
26	1.0	augmented/damage-damage-train-0027-augmented-0.JPEG
27	1.0	augmented/damage-damage-train-0028-augmented-0.JPEG
28	1.0	augmented/damage-damage-train-0029-augmented-0.JPEG
29	1.0	augmented/damage-damage-train-0030-augmented-0.JPEG
30	1.0	augmented/damage-damage-train-0031-augmented-0.JPEG
31	1.0	augmented/damage-damage-train-0032-augmented-0.JPEG
32	1.0	augmented/damage-damage-train-0033-augmented-0.JPEG
33	1.0	augmented/damage-damage-train-0034-augmented-0.JPEG
34	1.0	augmented/damage-damage-train-0035-augmented-0.JPEG
35	1.0	augmented/damage-damage-train-0036-augmented-0.JPEG
36	1.0	augmented/damage-damage-train-0037-augmented-0.JPEG
37	1.0	augmented/damage-damage-train-0038-augmented-0.JPEG
38	1.0	augmented/damage-damage-train-0039-augmented-0.JPEG
39	1.0	augmented/damage-damage-train-0040-augmented-0.JPEG
40	1.0	augmented/damage-damage-train-0041-augmented-0.JPEG
41	1.0	augmented/damage-damage-train-0042-augmented-0.JPEG
42	1.0	augmented/damage-damage-train-0043-augmented-0.JPEG
43	1.0	augmented/damage-damage-train-0044-augmented-0.JPEG
44	1.0	augmented/damage-damage-train-0045-augmented-0.JPEG
45	1.0	augmented/damage-damage-train-0046-augmented-0.JPEG
46	1.0	augmented/damage-damage-train-0047-augmented-0.JPEG
47	1.0	augmented/damage-damage-train-0049-augmented-0.JPEG
48	1.0	augmented/damage-damage-train-0050-augmented-0.JPEG
49	1.0	augmented/damage-damage-train-0051-augmented-0.JPEG
50	1.0	augmented/damage-damage-train-0052-augmented-0.JPEG
51	1.0	augmented/damage-damage-train-0053-augmented-0.JPEG
52	1.0	augmented/damage-damage-train-0054-augmented-0.JPEG
53	1.0	augmented/damage-damage-train-0055-augmented-0.JPEG
54	1.0	augmented/damage-damage-train-0056-augmented-0.JPEG
55	1.0	augmented/damage-damage-train-0057-augmented-0.JPEG
56	1.0	augmented/damage-damage-train-0058-augmented-0.JPEG
57	1.0	augmented/damage-damage-train-0059-augmented-0.JPEG
58	1.0	augmented/damage-damage-train-0060-augmented-0.JPEG
59	1.0	augmented/damage-damage-train-0061-augmented-0.JPEG
60	1.0	augmented/damage-damage-train-0062-augmented-0.JPEG
61	1.0	augmented/damage-damage-train-0063-augmented-0.JPEG
62	1.0	augmented/damage-damage-train-0064-augmented-0.JPEG
63	1.0	augmented/damage-damage-train-0065-augmented-0.JPEG
64	1.0	augmented/damage-damage-train-0066-augmented-0.JPEG
65	1.0	augmented/damage-damage-train-0067-augmented-0.JPEG
66	1.0	augmented/damage-damage-train-0068-augmented-0.JPEG
67	1.0	augmented/damage-damage-train-0069-augmented-0.JPEG
68	1.0	augmented/damage-damage-train-0070-augmented-0.JPEG
69	1.0	augmented/damage-damage-train-0071-augmented-0.JPEG
70	1.0	augmented/damage-damage-train-0072-augmented-0.JPEG
71	1.0	augmented/damage-damage-train-0073-augmented-0.JPEG
72	1.0	augmented/damage-damage-train-0074-augmented-0.JPEG
73	1.0	augmented/damage-damage-train-0075-augmented-0.JPEG
74	1.0	augmented/damage-damage-train-0076-augmented-0.JPEG
75	1.0	augmented/damage-damage-train-0077-augmented-0.JPEG
76	1.0	augmented/damage-damage-train-0078-augmented-0.JPEG
77	1.0	augmented/damage-damage-train-0079-augmented-0.JPEG
78	1.0	augmented/damage-damage-train-0080-augmented-0.JPEG
79	1.0	augmented/damage-damage-train-0081-augmented-0.JPEG
80	1.0	augmented/damage-damage-train-0082-augmented-0.JPEG
81	1.0	augmented/damage-damage-train-0083-augmented-0.JPEG
82	1.0	augmented/damage-damage-train-0084-augmented-0.JPEG
83	1.0	augmented/damage-damage-train-0085-augmented-0.JPEG
84	1.0	augmented/damage-damage-train-0086-augmented-0.JPEG
85	1.0	augmented/damage-damage-train-0087-augmented-0.JPEG
86	1.0	augmented/damage-damage-train-0088-augmented-0.JPEG
87	1.0	augmented/damage-damage-train-0089-augmented-0.JPEG
88	1.0	augmented/damage-damage-train-0090-augmented-0.JPEG
89	1.0	augmented/damage-damage-train-0091-augmented-0.JPEG
90	1.0	augmented/damage-damage-train-0092-augmented-0.JPEG
91	1.0	augmented/damage-damage-train-0093-augmented-0.JPEG
92	1.0	augmented/damage-damage-train-0094-augmented-0.JPEG
93	1.0	augmented/damage-damage-train-0095-augmented-0.JPEG
94	1.0	augmented/damage-damage-train-0096-augmented-0.JPEG
95	1.0	augmented/damage-damage-train-0097-augmented-0.JPEG
96	1.0	augmented/damage-damage-train-0098-augmented-0.JPEG
97	1.0	augmented/damage-damage-train-0099-augmented-0.JPEG
98	1.0	augmented/damage-damage-train-0100-augmented-0.JPEG
99	1.0	augmented/damage-damage-train-0101-augmented-0.JPEG
100	1.0	augmented/damage-damage-train-0102-augmented-0.JPEG
101	1.0	augmented/damage-damage-train-0103-augmented-0.JPEG
102	1.0	augmented/damage-damage-train-0104-augmented-0.JPEG
103	1.0	augmented/damage-damage-train-0105-augmented-0.JPEG
104	1.0	augmented/damage-damage-train-0106-augmented-0.JPEG
105	1.0	augmented/damage-damage-train-0107-augmented-0.JPEG
106	1.0	augmented/damage-damage-train-0108-augmented-0.JPEG
107	1.0	augmented/damage-damage-train-0109-augmented-0.JPEG
108	1.0	augmented/damage-damage-train-0110-augmented-0.JPEG
109	1.0	augmented/damage-damage-train-0111-augmented-0.JPEG
110	1.0	augmented/damage-damage-train-0112-augmented-0.JPEG
111	1.0	augmented/damage-damage-train-0113-augmented-0.JPEG
112	1.0	augmented/damage-damage-train-0114-augmented-0.JPEG
113	1.0	augmented/damage-damage-train-0115-augmented-0.JPEG
114	1.0	augmented/damage-damage-train-0116-augmented-0.JPEG
115	1.0	augmented/damage-damage-train-0117-augmented-0.JPEG
116	1.0	augmented/damage-damage-train-0118-augmented-0.JPEG
117	1.0	augmented/damage-damage-train-0119-augmented-0.JPEG
118	1.0	augmented/damage-damage-train-0120-augmented-0.JPEG
119	1.0	augmented/damage-damage-train-0121-augmented-0.JPEG
120	1.0	augmented/damage-damage-train-0122-augmented-0.JPEG
121	1.0	augmented/damage-damage-train-0123-augmented-0.JPEG
122	1.0	augmented/damage-damage-train-0124-augmented-0.JPEG
123	1.0	augmented/damage-damage-train-0125-augmented-0.JPEG
124	1.0	augmented/damage-damage-train-0126-augmented-0.JPEG
125	1.0	augmented/damage-damage-train-0127-augmented-0.JPEG
126	1.0	augmented/damage-damage-train-0128-augmented-0.JPEG
127	1.0	augmented/damage-damage-train-0129-augmented-0.JPEG
128	1.0	augmented/damage-damage-train-0130-augmented-0.JPEG
129	1.0	augmented/damage-damage-train-0131-augmented-0.JPEG
130	1.0	augmented/damage-damage-train-0132-augmented-0.JPEG
131	1.0	augmented/damage-damage-train-0133-augmented-0.JPEG
132	1.0	augmented/damage-damage-train-0134-augmented-0.JPEG
133	1.0	augmented/damage-damage-train-0135-augmented-0.JPEG
134	1.0	augmented/damage-damage-train-0136-augmented-0.JPEG
135	1.0	augmented/damage-damage-train-0137-augmented-0.JPEG
136	1.0	augmented/damage-damage-train-0138-augmented-0.JPEG
137	1.0	augmented/damage-damage-train-0139-augmented-0.JPEG
138	1.0	augmented/damage-damage-train-0140-augmented-0.JPEG
139	1.0	augmented/damage-damage-train-0141-augmented-0.JPEG
140	1.0	augmented/damage-damage-train-0142-augmented-0.JPEG
141	1.0	augmented/damage-damage-train-0143-augmented-0.JPEG
142	1.0	augmented/damage-damage-train-0144-augmented-0.JPEG
143	1.0	augmented/damage-damage-train-0145-augmented-0.JPEG
144	1.0	augmented/damage-damage-train-0146-augmented-0.JPEG
145	1.0	augmented/damage-damage-train-0147-augmented-0.JPEG
146	1.0	augmented/damage-damage-train-0148-augmented-0.JPEG
147	1.0	augmented/damage-damage-train-0149-augmented-0.JPEG
148	1.0	augmented/damage-damage-train-0150-augmented-0.JPEG
149	1.0	augmented/damage-damage-train-0151-augmented-0.JPEG
150	1.0	augmented/damage-damage-train-0152-augmented-0.JPEG
151	1.0	augmented/damage-damage-train-0153-augmented-0.JPEG
152	1.0	augmented/damage-damage-train-0154-augmented-0.JPEG
153	1.0	augmented/damage-damage-train-0155-augmented-0.JPEG
154	1.0	augmented/damage-damage-train-0156-augmented-0.JPEG
155	1.0	augmented/damage-damage-train-0157-augmented-0.JPEG
156	1.0	augmented/damage-damage-train-0158-augmented-0.JPEG
157	1.0	augmented/damage-damage-train-0159-augmented-0.JPEG
158	1.0	augmented/damage-damage-train-0160-augmented-0.JPEG
159	1.0	augmented/damage-damage-train-0161-augmented-0.JPEG
160	1.0	augmented/damage-damage-train-0162-augmented-0.JPEG
161	1.0	augmented/damage-damage-train-0163-augmented-0.JPEG
162	1.0	augmented/damage-damage-train-0164-augmented-0.JPEG
163	1.0	augmented/damage-damage-train-0165-augmented-0.JPEG
164	1.0	augmented/damage-damage-train-0166-augmented-0.JPEG
165	1.0	augmented/damage-damage-train-0167-augmented-0.JPEG
166	1.0	augmented/damage-damage-train-0168-augmented-0.JPEG
167	1.0	augmented/damage-damage-train-0169-augmented-0.JPEG
168	1.0	augmented/damage-damage-train-0170-augmented-0.JPEG
169	1.0	augmented/damage-damage-train-0171-augmented-0.JPEG
170	1.0	augmented/damage-damage-train-0172-augmented-0.JPEG
171	1.0	augmented/damage-damage-train-0173-augmented-0.JPEG
172	1.0	augmented/damage-damage-train-0174-augmented-0.JPEG
173	1.0	augmented/damage-damage-train-0175-augmented-0.JPEG
174	1.0	augmented/damage-damage-train-0176-augmented-0.JPEG
175	1.0	augmented/damage-damage-train-0177-augmented-0.JPEG
176	1.0	augmented/damage-damage-train-0178-augmented-0.JPEG
177	1.0	augmented/damage-damage-train-0179-augmented-0.JPEG
178	1.0	augmented/damage-damage-train-0180-augmented-0.JPEG
179	1.0	augmented/damage-damage-train-0181-augmented-0.JPEG
180	1.0	augmented/damage-damage-train-0182-augmented-0.JPEG
181	1.0	augmented/damage-damage-train-0183-augmented-0.JPEG
182	1.0	augmented/damage-damage-train-0184-augmented-0.JPEG
183	1.0	augmented/damage-damage-train-0185-augmented-0.JPEG
184	1.0	augmented/damage-damage-train-0186-augmented-0.JPEG
185	1.0	augmented/damage-damage-train-0187-augmented-0.JPEG
186	1.0	augmented/damage-damage-train-0188-augmented-0.JPEG
187	1.0	augmented/damage-damage-train-0189-augmented-0.JPEG
188	1.0	augmented/damage-damage-train-0190-augmented-0.JPEG
189	1.0	augmented/damage-damage-train-0191-augmented-0.JPEG
190	1.0	augmented/damage-damage-train-0192-augmented-0.JPEG
191	1.0	augmented/damage-damage-train-0193-augmented-0.JPEG
192	1.0	augmented/damage-damage-train-0194-augmented-0.JPEG
193	1.0	augmented/damage-damage-train-0195-augmented-0.JPEG
194	1.0	augmented/damage-damage-train-0196-augmented-0.JPEG
195	1.0	augmented/damage-damage-train-0197-augmented-0.JPEG
196	1.0	augmented/damage-damage-train-0198-augmented-0.JPEG
197	1.0	augmented/damage-damage-train-0199-augmented-0.JPEG
198	1.0	augmented/damage-damage-train-0200-augmented-0.JPEG
199	1.0	augmented/damage-damage-train-0201-augmented-0.JPEG
200	1.0	augmented/damage-damage-train-0202-augmented-0.JPEG
201	1.0	augmented/damage-damage-train-0203-augmented-0.JPEG
202	1.0	augmented/damage-damage-train-0204-augmented-0.JPEG
203	1.0	augmented/damage-damage-train-0205-augmented-0.JPEG
204	1.0	augmented/damage-damage-train-0206-augmented-0.JPEG
205	1.0	augmented/damage-damage-train-0207-augmented-0.JPEG
206	1.0	augmented/damage-damage-train-0208-augmented-0.JPEG
207	1.0	augmented/damage-damage-train-0209-augmented-0.JPEG
208	1.0	augmented/damage-damage-train-0210-augmented-0.JPEG
209	1.0	augmented/damage-damage-train-0211-augmented-0.JPEG
210	1.0	augmented/damage-damage-train-0212-augmented-0.JPEG
211	1.0	augmented/damage-damage-train-0213-augmented-0.JPEG
212	1.0	augmented/damage-damage-train-0214-augmented-0.JPEG
213	1.0	augmented/damage-damage-train-0215-augmented-0.JPEG
214	1.0	augmented/damage-damage-train-0216-augmented-0.JPEG
215	1.0	augmented/damage-damage-train-0217-augmented-0.JPEG
216	1.0	augmented/damage-damage-train-0218-augmented-0.JPEG
217	1.0	augmented/damage-damage-train-0219-augmented-0.JPEG
218	1.0	augmented/damage-damage-train-0220-augmented-0.JPEG
219	1.0	augmented/damage-damage-train-0221-augmented-0.JPEG
220	1.0	augmented/damage-damage-train-0222-augmented-0.JPEG
221	1.0	augmented/damage-damage-train-0223-augmented-0.JPEG
222	1.0	augmented/damage-damage-train-0224-augmented-0.JPEG
223	1.0	augmented/damage-damage-train-0225-augmented-0.JPEG
224	1.0	augmented/damage-damage-train-0226-augmented-0.JPEG
225	1.0	augmented/damage-damage-train-0227-augmented-0.JPEG
226	1.0	augmented/damage-damage-train-0228-augmented-0.JPEG
227	1.0	augmented/damage-damage-train-0229-augmented-0.JPEG
228	1.0	augmented/damage-damage-train-0230-augmented-0.JPEG
229	1.0	augmented/damage-damage-train-0231-augmented-0.JPEG
230	1.0	augmented/damage-damage-train-0232-augmented-0.JPEG
231	1.0	augmented/damage-damage-train-0233-augmented-0.JPEG
232	1.0	augmented/damage-damage-train-0234-augmented-0.JPEG
233	1.0	augmented/damage-damage-train-0235-augmented-0.JPEG
234	1.0	augmented/damage-damage-train-0236-augmented-0.JPEG
235	1.0	augmented/damage-damage-train-0237-augmented-0.JPEG
236	1.0	augmented/damage-damage-train-0238-augmented-0.JPEG
237	1.0	augmented/damage-damage-train-0239-augmented-0.JPEG
238	1.0	augmented/damage-damage-train-0240-augmented-0.JPEG
239	1.0	augmented/damage-damage-train-0241-augmented-0.JPEG
240	1.0	augmented/damage-damage-train-0242-augmented-0.JPEG
241	1.0	augmented/damage-damage-train-0243-augmented-0.JPEG
242	1.0	augmented/damage-damage-train-0244-augmented-0.JPEG
243	1.0	augmented/damage-damage-train-0245-augmented-0.JPEG
244	1.0	augmented/damage-damage-train-0246-augmented-0.JPEG
245	1.0	augmented/damage-damage-train-0247-augmented-0.JPEG
246	1.0	augmented/damage-damage-train-0248-augmented-0.JPEG
247	1.0	augmented/damage-damage-train-0249-augmented-0.JPEG
248	1.0	augmented/damage-damage-train-0250-augmented-0.JPEG
249	1.0	augmented/damage-damage-train-0251-augmented-0.JPEG
250	1.0	augmented/damage-damage-train-0252-augmented-0.JPEG
251	1.0	augmented/damage-damage-train-0253-augmented-0.JPEG
252	1.0	augmented/damage-damage-train-0254-augmented-0.JPEG
253	1.0	augmented/damage-damage-train-0255-augmented-0.JPEG
254	1.0	augmented/damage-damage-train-0256-augmented-0.JPEG
255	1.0	augmented/damage-damage-train-0257-augmented-0.JPEG
256	1.0	augmented/damage-damage-train-0258-augmented-0.JPEG
257	1.0	augmented/damage-damage-train-0259-augmented-0.JPEG
258	1.0	augmented/damage-damage-train-0260-augmented-0.JPEG
259	1.0	augmented/damage-damage-train-0261-augmented-0.JPEG
260	1.0	augmented/damage-damage-train-0262-augmented-0.JPEG
261	1.0	augmented/damage-damage-train-0263-augmented-0.JPEG
262	1.0	augmented/damage-damage-train-0264-augmented-0.JPEG
263	1.0	augmented/damage-damage-train-0265-augmented-0.JPEG
264	1.0	augmented/damage-damage-train-0266-augmented-0.JPEG
265	1.0	augmented/damage-damage-train-0267-augmented-0.JPEG
266	1.0	augmented/damage-damage-train-0268-augmented-0.JPEG
267	1.0	augmented/damage-damage-train-0269-augmented-0.JPEG
268	1.0	augmented/damage-damage-train-0270-augmented-0.JPEG
269	1.0	augmented/damage-damage-train-0271-augmented-0.JPEG
270	1.0	augmented/damage-damage-train-0272-augmented-0.JPEG
271	1.0	augmented/damage-damage-train-0273-augmented-0.JPEG
272	1.0	augmented/damage-damage-train-0274-augmented-0.JPEG
273	1.0	augmented/damage-damage-train-0275-augmented-0.JPEG
274	1.0	augmented/damage-damage-train-0276-augmented-0.JPEG
275	1.0	augmented/damage-damage-train-0277-augmented-0.JPEG
276	1.0	augmented/damage-damage-train-0278-augmented-0.JPEG
277	1.0	augmented/damage-damage-train-0279-augmented-0.JPEG
278	1.0	augmented/damage-damage-train-0280-augmented-0.JPEG
279	1.0	augmented/damage-damage-train-0281-augmented-0.JPEG
280	1.0	augmented/damage-damage-train-0282-augmented-0.JPEG
281	1.0	augmented/damage-damage-train-0283-augmented-0.JPEG
282	1.0	augmented/damage-damage-train-0284-augmented-0.JPEG
283	1.0	augmented/damage-damage-train-0285-augmented-0.JPEG
284	1.0	augmented/damage-damage-train-0286-augmented-0.JPEG
285	1.0	augmented/damage-damage-train-0287-augmented-0.JPEG
286	1.0	augmented/damage-damage-train-0288-augmented-0.JPEG
287	1.0	augmented/damage-damage-train-0289-augmented-0.JPEG
288	1.0	augmented/damage-damage-train-0290-augmented-0.JPEG
289	1.0	augmented/damage-damage-train-0291-augmented-0.JPEG
290	1.0	augmented/damage-damage-train-0292-augmented-0.JPEG
291	1.0	augmented/damage-damage-train-0293-augmented-0.JPEG
292	1.0	augmented/damage-damage-train-0294-augmented-0.JPEG
293	1.0	augmented/damage-damage-train-0295-augmented-0.JPEG
294	1.0	augmented/damage-damage-train-0296-augmented-0.JPEG
295	1.0	augmented/damage-damage-train-0297-augmented-0.JPEG
296	1.0	augmented/damage-damage-train-0298-augmented-0.JPEG
297	1.0	augmented/damage-damage-train-0299-augmented-0.JPEG
298	1.0	augmented/damage-damage-train-0300-augmented-0.JPEG
299	1.0	augmented/damage-damage-train-0301-augmented-0.JPEG
300	1.0	augmented/damage-damage-train-0302-augmented-0.JPEG
301	1.0	augmented/damage-damage-train-0303-augmented-0.JPEG
302	1.0	augmented/damage-damage-train-0304-augmented-0.JPEG
303	1.0	augmented/damage-damage-train-0305-augmented-0.JPEG
304	1.0	augmented/damage-damage-train-0306-augmented-0.JPEG
305	1.0	augmented/damage-damage-train-0307-augmented-0.JPEG
306	1.0	augmented/damage-damage-train-0308-augmented-0.JPEG
307	1.0	augmented/damage-damage-train-0309-augmented-0.JPEG
308	1.0	augmented/damage-damage-train-0310-augmented-0.JPEG
309	1.0	augmented/damage-damage-train-0311-augmented-0.JPEG
310	1.0	augmented/damage-damage-train-0312-augmented-0.JPEG
311	1.0	augmented/damage-damage-train-0313-augmented-0.JPEG
312	1.0	augmented/damage-damage-train-0314-augmented-0.JPEG
313	1.0	augmented/damage-damage-train-0315-augmented-0.JPEG
314	1.0	augmented/damage-damage-train-0316-augmented-0.JPEG
315	1.0	augmented/damage-damage-train-0317-augmented-0.JPEG
316	1.0	augmented/damage-damage-train-0318-augmented-0.JPEG
317	1.0	augmented/damage-damage-train-0319-augmented-0.JPEG
318	1.0	augmented/damage-damage-train-0320-augmented-0.JPEG
319	1.0	augmented/damage-damage-train-0321-augmented-0.JPEG
320	1.0	augmented/damage-damage-train-0322-augmented-0.JPEG
321	1.0	augmented/damage-damage-train-0323-augmented-0.JPEG
322	1.0	augmented/damage-damage-train-0324-augmented-0.JPEG
323	1.0	augmented/damage-damage-train-0325-augmented-0.JPEG
324	1.0	augmented/damage-damage-train-0326-augmented-0.JPEG
325	1.0	augmented/damage-damage-train-0327-augmented-0.JPEG
326	1.0	augmented/damage-damage-train-0328-augmented-0.JPEG
327	1.0	augmented/damage-damage-train-0329-augmented-0.JPEG
328	1.0	augmented/damage-damage-train-0330-augmented-0.JPEG
329	1.0	augmented/damage-damage-train-0331-augmented-0.JPEG
330	1.0	augmented/damage-damage-train-0332-augmented-0.JPEG
331	1.0	augmented/damage-damage-train-0333-augmented-0.JPEG
332	1.0	augmented/damage-damage-train-0334-augmented-0.JPEG
333	1.0	augmented/damage-damage-train-0335-augmented-0.JPEG
334	1.0	augmented/damage-damage-train-0336-augmented-0.JPEG
335	1.0	augmented/damage-damage-train-0337-augmented-0.JPEG
336	1.0	augmented/damage-damage-train-0338-augmented-0.JPEG
337	1.0	augmented/damage-damage-train-0339-augmented-0.JPEG
338	1.0	augmented/damage-damage-train-0340-augmented-0.JPEG
339	1.0	augmented/damage-damage-train-0341-augmented-0.JPEG
340	1.0	augmented/damage-damage-train-0342-augmented-0.JPEG
341	1.0	augmented/damage-damage-train-0343-augmented-0.JPEG
342	1.0	augmented/damage-damage-train-0344-augmented-0.JPEG
343	1.0	augmented/damage-damage-train-0345-augmented-0.JPEG
344	1.0	augmented/damage-damage-train-0346-augmented-0.JPEG
345	1.0	augmented/damage-damage-train-0347-augmented-0.JPEG
346	1.0	augmented/damage-damage-train-0348-augmented-0.JPEG
347	1.0	augmented/damage-damage-train-0349-augmented-0.JPEG
348	1.0	augmented/damage-damage-train-0350-augmented-0.JPEG
349	1.0	augmented/damage-damage-train-0351-augmented-0.JPEG
350	1.0	augmented/damage-damage-train-0352-augmented-0.JPEG
351	1.0	augmented/damage-damage-train-0353-augmented-0.JPEG
352	1.0	augmented/damage-damage-train-0354-augmented-0.JPEG
353	1.0	augmented/damage-damage-train-0355-augmented-0.JPEG
354	1.0	augmented/damage-damage-train-0356-augmented-0.JPEG
355	1.0	augmented/damage-damage-train-0357-augmented-0.JPEG
356	1.0	augmented/damage-damage-train-0358-augmented-0.JPEG
357	1.0	augmented/damage-damage-train-0359-augmented-0.JPEG
358	1.0	augmented/damage-damage-train-0360-augmented-0.JPEG
359	1.0	augmented/damage-damage-train-0361-augmented-0.JPEG
360	1.0	augmented/damage-damage-train-0362-augmented-0.JPEG
361	1.0	augmented/damage-damage-train-0363-augmented-0.JPEG
362	1.0	augmented/damage-damage-train-0364-augmented-0.JPEG
363	1.0	augmented/damage-damage-train-0365-augmented-0.JPEG
364	1.0	augmented/damage-damage-train-0366-augmented-0.JPEG
365	1.0	augmented/damage-damage-train-0367-augmented-0.JPEG
366	1.0	augmented/damage-damage-train-0368-augmented-0.JPEG
367	1.0	augmented/damage-damage-train-0369-augmented-0.JPEG
368	1.0	augmented/damage-damage-train-0370-augmented-0.JPEG
369	1.0	augmented/damage-damage-train-0371-augmented-0.JPEG
370	1.0	augmented/damage-damage-train-0372-augmented-0.JPEG
371	1.0	augmented/damage-damage-train-0373-augmented-0.JPEG
372	1.0	augmented/damage-damage-train-0374-augmented-0.JPEG
373	1.0	augmented/damage-damage-train-0375-augmented-0.JPEG
374	1.0	augmented/damage-damage-train-0376-augmented-0.JPEG
375	1.0	augmented/damage-damage-train-0377-augmented-0.JPEG
376	1.0	augmented/damage-damage-train-0378-augmented-0.JPEG
377	1.0	augmented/damage-damage-train-0379-augmented-0.JPEG
378	1.0	augmented/damage-damage-train-0380-augmented-0.JPEG
379	1.0	augmented/damage-damage-train-0381-augmented-0.JPEG
380	1.0	augmented/damage-damage-train-0382-augmented-0.JPEG
381	1.0	augmented/damage-damage-train-0383-augmented-0.JPEG
382	1.0	augmented/damage-damage-train-0384-augmented-0.JPEG
383	1.0	augmented/damage-damage-train-0385-augmented-0.JPEG
384	1.0	augmented/damage-damage-train-0386-augmented-0.JPEG
385	1.0	augmented/damage-damage-train-0387-augmented-0.JPEG
386	1.0	augmented/damage-damage-train-0388-augmented-0.JPEG
387	1.0	augmented/damage-damage-train-0389-augmented-0.JPEG
388	1.0	augmented/damage-damage-train-0390-augmented-0.JPEG
389	1.0	augmented/damage-damage-train-0391-augmented-0.JPEG
390	1.0	augmented/damage-damage-train-0392-augmented-0.JPEG
391	1.0	augmented/damage-damage-train-0393-augmented-0.JPEG
392	1.0	augmented/damage-damage-train-0394-augmented-0.JPEG
393	1.0	augmented/damage-damage-train-0395-augmented-0.JPEG
394	1.0	augmented/damage-damage-train-0396-augmented-0.JPEG
395	1.0	augmented/damage-damage-train-0397-augmented-0.JPEG
396	1.0	augmented/damage-damage-train-0398-augmented-0.JPEG
397	1.0	augmented/damage-damage-train-0399-augmented-0.JPEG
398	1.0	augmented/damage-damage-train-0400-augmented-0.JPEG
399	1.0	augmented/damage-damage-train-0401-augmented-0.JPEG
400	1.0	augmented/damage-damage-train-0402-augmented-0.JPEG
401	1.0	augmented/damage-damage-train-0403-augmented-0.JPEG
402	1.0	augmented/damage-damage-train-0404-augmented-0.JPEG
403	1.0	augmented/damage-damage-train-0405-augmented-0.JPEG
404	1.0	augmented/damage-damage-train-0406-augmented-0.JPEG
405	1.0	augmented/damage-damage-train-0407-augmented-0.JPEG
406	1.0	augmented/damage-damage-train-0408-augmented-0.JPEG
407	1.0	augmented/damage-damage-train-0409-augmented-0.JPEG
408	1.0	augmented/damage-damage-train-0410-augmented-0.JPEG
409	1.0	augmented/damage-damage-train-0411-augmented-0.JPEG
410	1.0	augmented/damage-damage-train-0412-augmented-0.JPEG
411	1.0	augmented/damage-damage-train-0413-augmented-0.JPEG
412	1.0	augmented/damage-damage-train-0414-augmented-0.JPEG
413	1.0	augmented/damage-damage-train-0415-augmented-0.JPEG
414	1.0	augmented/damage-damage-train-0416-augmented-0.JPEG
415	1.0	augmented/damage-damage-train-0417-augmented-0.JPEG
416	1.0	augmented/damage-damage-train-0418-augmented-0.JPEG
417	1.0	augmented/damage-damage-train-0419-augmented-0.JPEG
418	1.0	augmented/damage-damage-train-0420-augmented-0.JPEG
419	1.0	augmented/damage-damage-train-0421-augmented-0.JPEG
420	1.0	augmented/damage-damage-train-0422-augmented-0.JPEG
421	1.0	augmented/damage-damage-train-0423-augmented-0.JPEG
422	1.0	augmented/damage-damage-train-0424-augmented-0.JPEG
423	1.0	augmented/damage-damage-train-0425-augmented-0.JPEG
424	1.0	augmented/damage-damage-train-0426-augmented-0.JPEG
425	1.0	augmented/damage-damage-train-0427-augmented-0.JPEG
426	1.0	augmented/damage-damage-train-0428-augmented-0.JPEG
427	1.0	augmented/damage-damage-train-0429-augmented-0.JPEG
428	1.0	augmented/damage-damage-train-0430-augmented-0.JPEG
429	1.0	augmented/damage-damage-train-0431-augmented-0.JPEG
430	1.0	augmented/damage-damage-train-0432-augmented-0.JPEG
431	1.0	augmented/damage-damage-train-0433-augmented-0.JPEG
432	1.0	augmented/damage-damage-train-0434-augmented-0.JPEG
433	1.0	augmented/damage-damage-train-0435-augmented-0.JPEG
434	1.0	augmented/damage-damage-train-0436-augmented-0.JPEG
435	1.0	augmented/damage-damage-train-0437-augmented-0.JPEG
436	1.0	augmented/damage-damage-train-0438-augmented-0.JPEG
437	1.0	augmented/damage-damage-train-0439-augmented-0.JPEG
438	1.0	augmented/damage-damage-train-0440-augmented-0.JPEG
439	1.0	augmented/damage-damage-train-0441-augmented-0.JPEG
440	1.0	augmented/damage-damage-train-0442-augmented-0.JPEG
441	1.0	augmented/damage-damage-train-0443-augmented-0.JPEG
442	1.0	augmented/damage-damage-train-0444-augmented-0.JPEG
443	1.0	augmented/damage-damage-train-0445-augmented-0.JPEG
444	1.0	augmented/damage-damage-train-0446-augmented-0.JPEG
445	1.0	augmented/damage-damage-train-0447-augmented-0.JPEG
446	1.0	augmented/damage-damage-train-0448-augmented-0.JPEG
447	1.0	augmented/damage-damage-train-0449-augmented-0.JPEG
448	1.0	augmented/damage-damage-train-0450-augmented-0.JPEG
449	1.0	augmented/damage-damage-train-0451-augmented-0.JPEG
450	1.0	augmented/damage-damage-train-0452-augmented-0.JPEG
451	1.0	augmented/damage-damage-train-0453-augmented-0.JPEG
452	1.0	augmented/damage-damage-train-0454-augmented-0.JPEG
453	1.0	augmented/damage-damage-train-0455-augmented-0.JPEG
454	1.0	augmented/damage-damage-train-0456-augmented-0.JPEG
455	1.0	augmented/damage-damage-train-0457-augmented-0.JPEG
456	1.0	augmented/damage-damage-train-0458-augmented-0.JPEG
457	1.0	augmented/damage-damage-train-0459-augmented-0.JPEG
458	1.0	augmented/damage-damage-train-0460-augmented-0.JPEG
459	1.0	augmented/damage-damage-train-0461-augmented-0.JPEG
460	1.0	augmented/damage-damage-train-0462-augmented-0.JPEG
461	1.0	augmented/damage-damage-train-0463-augmented-0.JPEG
462	1.0	augmented/damage-damage-train-0464-augmented-0.JPEG
463	1.0	augmented/damage-damage-train-0465-augmented-0.JPEG
464	1.0	augmented/damage-damage-train-0466-augmented-0.JPEG
465	1.0	augmented/damage-damage-train-0467-augmented-0.JPEG
466	1.0	augmented/damage-damage-train-0468-augmented-0.JPEG
467	1.0	augmented/damage-damage-train-0469-augmented-0.JPEG
468	1.0	augmented/damage-damage-train-0470-augmented-0.JPEG
469	1.0	augmented/damage-damage-train-0471-augmented-0.JPEG
470	1.0	augmented/damage-damage-train-0472-augmented-0.JPEG
471	1.0	augmented/damage-damage-train-0473-augmented-0.JPEG
472	1.0	augmented/damage-damage-train-0474-augmented-0.JPEG
473	1.0	augmented/damage-damage-train-0475-augmented-0.JPEG
474	1.0	augmented/damage-damage-train-0476-augmented-0.JPEG
475	1.0	augmented/damage-damage-train-0477-augmented-0.JPEG
476	1.0	augmented/damage-damage-train-0478-augmented-0.JPEG
477	1.0	augmented/damage-damage-train-0479-augmented-0.JPEG
478	1.0	augmented/damage-damage-train-0480-augmented-0.JPEG
479	1.0	augmented/damage-damage-train-0481-augmented-0.JPEG
480	1.0	augmented/damage-damage-train-0482-augmented-0.JPEG
481	1.0	augmented/damage-damage-train-0483-augmented-0.JPEG
482	1.0	augmented/damage-damage-train-0484-augmented-0.JPEG
483	1.0	augmented/damage-damage-train-0485-augmented-0.JPEG
484	1.0	augmented/damage-damage-train-0486-augmented-0.JPEG
485	1.0	augmented/damage-damage-train-0487-augmented-0.JPEG
486	1.0	augmented/damage-damage-train-0488-augmented-0.JPEG
487	1.0	augmented/damage-damage-train-0489-augmented-0.JPEG
488	1.0	augmented/damage-damage-train-0490-augmented-0.JPEG
489	1.0	augmented/damage-damage-train-0491-augmented-0.JPEG
490	1.0	augmented/damage-damage-train-0492-augmented-0.JPEG
491	1.0	augmented/damage-damage-train-0493-augmented-0.JPEG
492	1.0	augmented/damage-damage-train-0494-augmented-0.JPEG
493	1.0	augmented/damage-damage-train-0495-augmented-0.JPEG
494	1.0	augmented/damage-damage-train-0496-augmented-0.JPEG
495	1.0	augmented/damage-damage-train-0497-augmented-0.JPEG
496	1.0	augmented/damage-damage-train-0498-augmented-0.JPEG
497	1.0	augmented/damage-damage-train-0499-augmented-0.JPEG
498	1.0	augmented/damage-damage-train-0500-augmented-0.JPEG
499	1.0	augmented/damage-damage-train-0501-augmented-0.JPEG
500	1.0	augmented/damage-damage-train-0502-augmented-0.JPEG
501	1.0	augmented/damage-damage-train-0503-augmented-0.JPEG
502	1.0	augmented/damage-damage-train-0504-augmented-0.JPEG
503	1.0	augmented/damage-damage-train-0505-augmented-0.JPEG
504	1.0	augmented/damage-damage-train-0506-augmented-0.JPEG
505	1.0	augmented/damage-damage-train-0507-augmented-0.JPEG
506	1.0	augmented/damage-damage-train-0508-augmented-0.JPEG
507	1.0	augmented/damage-damage-train-0509-augmented-0.JPEG
508	1.0	augmented/damage-damage-train-0510-augmented-0.JPEG
509	1.0	augmented/damage-damage-train-0511-augmented-0.JPEG
510	1.0	augmented/damage-damage-train-0512-augmented-0.JPEG
511	1.0	augmented/damage-damage-train-0513-augmented-0.JPEG
512	1.0	augmented/damage-damage-train-0514-augmented-0.JPEG
513	1.0	augmented/damage-damage-train-0515-augmented-0.JPEG
514	1.0	augmented/damage-damage-train-0516-augmented-0.JPEG
515	1.0	augmented/damage-damage-train-0517-augmented-0.JPEG
516	1.0	augmented/damage-damage-train-0518-augmented-0.JPEG
517	1.0	augmented/damage-damage-train-0519-augmented-0.JPEG
518	1.0	augmented/damage-damage-train-0520-augmented-0.JPEG
519	1.0	augmented/damage-damage-train-0521-augmented-0.JPEG
520	1.0	augmented/damage-damage-train-0522-augmented-0.JPEG
521	1.0	augmented/damage-damage-train-0523-augmented-0.JPEG
522	1.0	augmented/damage-damage-train-0524-augmented-0.JPEG
523	1.0	augmented/damage-damage-train-0525-augmented-0.JPEG
524	1.0	augmented/damage-damage-train-0526-augmented-0.JPEG
525	1.0	augmented/damage-damage-train-0527-augmented-0.JPEG
526	1.0	augmented/damage-damage-train-0528-augmented-0.JPEG
527	1.0	augmented/damage-damage-train-0529-augmented-0.JPEG
528	1.0	augmented/damage-damage-train-0530-augmented-0.JPEG
529	1.0	augmented/damage-damage-train-0531-augmented-0.JPEG
530	1.0	augmented/damage-damage-train-0532-augmented-0.JPEG
531	1.0	augmented/damage-damage-train-0533-augmented-0.JPEG
532	1.0	augmented/damage-damage-train-0534-augmented-0.JPEG
533	1.0	augmented/damage-damage-train-0535-augmented-0.JPEG
534	1.0	augmented/damage-damage-train-0536-augmented-0.JPEG
535	1.0	augmented/damage-damage-train-0537-augmented-0.JPEG
536	1.0	augmented/damage-damage-train-0538-augmented-0.JPEG
537	1.0	augmented/damage-damage-train-0539-augmented-0.JPEG
538	1.0	augmented/damage-damage-train-0540-augmented-0.JPEG
539	1.0	augmented/damage-damage-train-0541-augmented-0.JPEG
540	1.0	augmented/damage-damage-train-0542-augmented-0.JPEG
541	1.0	augmented/damage-damage-train-0543-augmented-0.JPEG
542	1.0	augmented/damage-damage-train-0544-augmented-0.JPEG
543	1.0	augmented/damage-damage-train-0545-augmented-0.JPEG
544	1.0	augmented/damage-damage-train-0546-augmented-0.JPEG
545	1.0	augmented/damage-damage-train-0547-augmented-0.JPEG
546	1.0	augmented/damage-damage-train-0548-augmented-0.JPEG
547	1.0	augmented/damage-damage-train-0549-augmented-0.JPEG
548	1.0	augmented/damage-damage-train-0550-augmented-0.JPEG
549	1.0	augmented/damage-damage-train-0551-augmented-0.JPEG
550	1.0	augmented/damage-damage-train-0552-augmented-0.JPEG
551	1.0	augmented/damage-damage-train-0553-augmented-0.JPEG
552	1.0	augmented/damage-damage-train-0554-augmented-0.JPEG
553	1.0	augmented/damage-damage-train-0555-augmented-0.JPEG
554	1.0	augmented/damage-damage-train-0556-augmented-0.JPEG
555	1.0	augmented/damage-damage-train-0557-augmented-0.JPEG
556	1.0	augmented/damage-damage-train-0558-augmented-0.JPEG
557	1.0	augmented/damage-damage-train-0559-augmented-0.JPEG
558	1.0	augmented/damage-damage-train-0560-augmented-0.JPEG
559	1.0	augmented/damage-damage-train-0561-augmented-0.JPEG
560	1.0	augmented/damage-damage-train-0562-augmented-0.JPEG
561	1.0	augmented/damage-damage-train-0563-augmented-0.JPEG
562	1.0	augmented/damage-damage-train-0564-augmented-0.JPEG
563	1.0	augmented/damage-damage-train-0565-augmented-0.JPEG
564	1.0	augmented/damage-damage-train-0566-augmented-0.JPEG
565	1.0	augmented/damage-damage-train-0567-augmented-0.JPEG
566	1.0	augmented/damage-damage-train-0568-augmented-0.JPEG
567	1.0	augmented/damage-damage-train-0569-augmented-0.JPEG
568	1.0	augmented/damage-damage-train-0570-augmented-0.JPEG
569	1.0	augmented/damage-damage-train-0571-augmented-0.JPEG
570	1.0	augmented/damage-damage-train-0572-augmented-0.JPEG
571	1.0	augmented/damage-damage-train-0573-augmented-0.JPEG
572	1.0	augmented/damage-damage-train-0574-augmented-0.JPEG
573	1.0	augmented/damage-damage-train-0575-augmented-0.JPEG
574	1.0	augmented/damage-damage-train-0576-augmented-0.JPEG
575	1.0	augmented/damage-damage-train-0577-augmented-0.JPEG
576	1.0	augmented/damage-damage-train-0578-augmented-0.JPEG
577	1.0	augmented/damage-damage-train-0579-augmented-0.JPEG
578	1.0	augmented/damage-damage-train-0580-augmented-0.JPEG
579	1.0	augmented/damage-damage-train-0581-augmented-0.JPEG
580	1.0	augmented/damage-damage-train-0582-augmented-0.JPEG
581	1.0	augmented/damage-damage-train-0583-augmented-0.JPEG
582	1.0	augmented/damage-damage-train-0584-augmented-0.JPEG
583	1.0	augmented/damage-damage-train-0585-augmented-0.JPEG
584	1.0	augmented/damage-damage-train-0586-augmented-0.JPEG
585	1.0	augmented/damage-damage-train-0587-augmented-0.JPEG
586	1.0	augmented/damage-damage-train-0588-augmented-0.JPEG
587	1.0	augmented/damage-damage-train-0589-augmented-0.JPEG
588	1.0	augmented/damage-damage-train-0590-augmented-0.JPEG
589	1.0	augmented/damage-damage-train-0591-augmented-0.JPEG
590	1.0	augmented/damage-damage-train-0592-augmented-0.JPEG
591	1.0	augmented/damage-damage-train-0593-augmented-0.JPEG
592	1.0	augmented/damage-damage-train-0594-augmented-0.JPEG
593	1.0	augmented/damage-damage-train-0595-augmented-0.JPEG
594	1.0	augmented/damage-damage-train-0596-augmented-0.JPEG
595	1.0	augmented/damage-damage-train-0597-augmented-0.JPEG
596	1.0	augmented/damage-damage-train-0598-augmented-0.JPEG
597	1.0	augmented/damage-damage-train-0599-augmented-0.JPEG
598	1.0	augmented/damage-damage-train-0600-augmented-0.JPEG
599	1.0	augmented/damage-damage-train-0601-augmented-0.JPEG
600	1.0	augmented/damage-damage-train-0602-augmented-0.JPEG
601	1.0	augmented/damage-damage-train-0603-augmented-0.JPEG
602	1.0	augmented/damage-damage-train-0604-augmented-0.JPEG
603	1.0	augmented/damage-damage-train-0605-augmented-0.JPEG
604	1.0	augmented/damage-damage-train-0606-augmented-0.JPEG
605	1.0	augmented/damage-damage-train-0607-augmented-0.JPEG
606	1.0	augmented/damage-damage-train-0608-augmented-0.JPEG
607	1.0	augmented/damage-damage-train-0609-augmented-0.JPEG
608	1.0	augmented/damage-damage-train-0610-augmented-0.JPEG
609	1.0	augmented/damage-damage-train-0611-augmented-0.JPEG
610	1.0	augmented/damage-damage-train-0612-augmented-0.JPEG
611	1.0	augmented/damage-damage-train-0613-augmented-0.JPEG
612	1.0	augmented/damage-damage-train-0614-augmented-0.JPEG
613	1.0	augmented/damage-damage-train-0615-augmented-0.JPEG
614	1.0	augmented/damage-damage-train-0616-augmented-0.JPEG
615	1.0	augmented/damage-damage-train-0617-augmented-0.JPEG
616	1.0	augmented/damage-damage-train-0618-augmented-0.JPEG
617	1.0	augmented/damage-damage-train-0619-augmented-0.JPEG
618	1.0	augmented/damage-damage-train-0620-augmented-0.JPEG
619	1.0	augmented/damage-damage-train-0621-augmented-0.JPEG
620	1.0	augmented/damage-damage-train-0622-augmented-0.JPEG
621	1.0	augmented/damage-damage-train-0623-augmented-0.JPEG
622	1.0	augmented/damage-damage-train-0624-augmented-0.JPEG
623	1.0	augmented/damage-damage-train-0625-augmented-0.JPEG
624	1.0	augmented/damage-damage-train-0626-augmented-0.JPEG
625	1.0	augmented/damage-damage-train-0627-augmented-0.JPEG
626	1.0	augmented/damage-damage-train-0628-augmented-0.JPEG
627	1.0	augmented/damage-damage-train-0629-augmented-0.JPEG
628	1.0	augmented/damage-damage-train-0630-augmented-0.JPEG
629	1.0	augmented/damage-damage-train-0631-augmented-0.JPEG
630	1.0	augmented/damage-damage-train-0632-augmented-0.JPEG
631	1.0	augmented/damage-damage-train-0633-augmented-0.JPEG
632	1.0	augmented/damage-damage-train-0634-augmented-0.JPEG
633	1.0	augmented/damage-damage-train-0635-augmented-0.JPEG
634	1.0	augmented/damage-damage-train-0636-augmented-0.JPEG
635	1.0	augmented/damage-damage-train-0637-augmented-0.JPEG
636	1.0	augmented/damage-damage-train-0638-augmented-0.JPEG
637	1.0	augmented/damage-damage-train-0639-augmented-0.JPEG
638	1.0	augmented/damage-damage-train-0640-augmented-0.JPEG
639	1.0	augmented/damage-damage-train-0641-augmented-0.JPEG
640	1.0	augmented/damage-damage-train-0642-augmented-0.JPEG
641	1.0	augmented/damage-damage-train-0643-augmented-0.JPEG
642	1.0	augmented/damage-damage-train-0644-augmented-0.JPEG
643	1.0	augmented/damage-damage-train-0645-augmented-0.JPEG
644	1.0	augmented/damage-damage-train-0646-augmented-0.JPEG
645	1.0	augmented/damage-damage-train-0647-augmented-0.JPEG
646	1.0	augmented/damage-damage-train-0648-augmented-0.JPEG
647	1.0	augmented/damage-damage-train-0649-augmented-0.JPEG
648	1.0	augmented/damage-damage-train-0650-augmented-0.JPEG
649	1.0	augmented/damage-damage-train-0651-augmented-0.JPEG
650	1.0	augmented/damage-damage-train-0652-augmented-0.JPEG
651	1.0	augmented/damage-damage-train-0653-augmented-0.JPEG
652	1.0	augmented/damage-damage-train-0654-augmented-0.JPEG
653	1.0	augmented/damage-damage-train-0655-augmented-0.JPEG
654	1.0	augmented/damage-damage-train-0656-augmented-0.JPEG
655	1.0	augmented/damage-damage-train-0657-augmented-0.JPEG
656	1.0	augmented/damage-damage-train-0658-augmented-0.JPEG
657	1.0	augmented/damage-damage-train-0659-augmented-0.JPEG
658	1.0	augmented/damage-damage-train-0660-augmented-0.JPEG
659	1.0	augmented/damage-damage-train-0661-augmented-0.JPEG
660	1.0	augmented/damage-damage-train-0662-augmented-0.JPEG
661	1.0	augmented/damage-damage-train-0663-augmented-0.JPEG
662	1.0	augmented/damage-damage-train-0664-augmented-0.JPEG
663	1.0	augmented/damage-damage-train-0665-augmented-0.JPEG
664	1.0	augmented/damage-damage-train-0666-augmented-0.JPEG
665	1.0	augmented/damage-damage-train-0667-augmented-0.JPEG
666	1.0	augmented/damage-damage-train-0668-augmented-0.JPEG
667	1.0	augmented/damage-damage-train-0669-augmented-0.JPEG
668	1.0	augmented/damage-damage-train-0670-augmented-0.JPEG
669	1.0	augmented/damage-damage-train-0671-augmented-0.JPEG
670	1.0	augmented/damage-damage-train-0672-augmented-0.JPEG
671	1.0	augmented/damage-damage-train-0673-augmented-0.JPEG
672	1.0	augmented/damage-damage-train-0674-augmented-0.JPEG
673	1.0	augmented/damage-damage-train-0675-augmented-0.JPEG
674	1.0	augmented/damage-damage-train-0676-augmented-0.JPEG
675	1.0	augmented/damage-damage-train-0677-augmented-0.JPEG
676	1.0	augmented/damage-damage-train-0678-augmented-0.JPEG
677	1.0	augmented/damage-damage-train-0679-augmented-0.JPEG
678	1.0	augmented/damage-damage-train-0680-augmented-0.JPEG
679	1.0	augmented/damage-damage-train-0681-augmented-0.JPEG
680	1.0	augmented/damage-damage-train-0682-augmented-0.JPEG
681	1.0	augmented/damage-damage-train-0683-augmented-0.JPEG
682	1.0	augmented/damage-damage-train-0684-augmented-0.JPEG
683	1.0	augmented/damage-damage-train-0685-augmented-0.JPEG
684	1.0	augmented/damage-damage-train-0686-augmented-0.JPEG
685	1.0	augmented/damage-damage-train-0687-augmented-0.JPEG
686	1.0	augmented/damage-damage-train-0688-augmented-0.JPEG
687	1.0	augmented/damage-damage-train-0689-augmented-0.JPEG
688	1.0	augmented/damage-damage-train-0690-augmented-0.JPEG
689	1.0	augmented/damage-damage-train-0691-augmented-0.JPEG
690	1.0	augmented/damage-damage-train-0692-augmented-0.JPEG
691	1.0	augmented/damage-damage-train-0693-augmented-0.JPEG
692	1.0	augmented/damage-damage-train-0694-augmented-0.JPEG
693	1.0	augmented/damage-damage-train-0695-augmented-0.JPEG
694	1.0	augmented/damage-damage-train-0696-augmented-0.JPEG
695	1.0	augmented/damage-damage-train-0697-augmented-0.JPEG
696	1.0	augmented/damage-damage-train-0698-augmented-0.JPEG
697	1.0	augmented/damage-damage-train-0699-augmented-0.JPEG
698	1.0	augmented/damage-damage-train-0700-augmented-0.JPEG
699	1.0	augmented/damage-damage-train-0701-augmented-0.JPEG
700	1.0	augmented/damage-damage-train-0702-augmented-0.JPEG
701	1.0	augmented/damage-damage-train-0703-augmented-0.JPEG
702	1.0	augmented/damage-damage-train-0704-augmented-0.JPEG
703	1.0	augmented/damage-damage-train-0705-augmented-0.JPEG
704	1.0	augmented/damage-damage-train-0706-augmented-0.JPEG
705	1.0	augmented/damage-damage-train-0707-augmented-0.JPEG
706	1.0	augmented/damage-damage-train-0708-augmented-0.JPEG
707	1.0	augmented/damage-damage-train-0709-augmented-0.JPEG
708	1.0	augmented/damage-damage-train-0710-augmented-0.JPEG
709	1.0	augmented/damage-damage-train-0711-augmented-0.JPEG
710	1.0	augmented/damage-damage-train-0712-augmented-0.JPEG
711	1.0	augmented/damage-damage-train-0713-augmented-0.JPEG
712	1.0	augmented/damage-damage-train-0714-augmented-0.JPEG
713	1.0	augmented/damage-damage-train-0715-augmented-0.JPEG
714	1.0	augmented/damage-damage-train-0716-augmented-0.JPEG
715	1.0	augmented/damage-damage-train-0717-augmented-0.JPEG
716	1.0	augmented/damage-damage-train-0718-augmented-0.JPEG
717	1.0	augmented/damage-damage-train-0719-augmented-0.JPEG
718	1.0	augmented/damage-damage-train-0720-augmented-0.JPEG
719	1.0	augmented/damage-damage-train-0721-augmented-0.JPEG
720	1.0	augmented/damage-damage-train-0722-augmented-0.JPEG
721	1.0	augmented/damage-damage-train-0723-augmented-0.JPEG
722	1.0	augmented/damage-damage-train-0724-augmented-0.JPEG
723	1.0	augmented/damage-damage-train-0725-augmented-0.JPEG
724	1.0	augmented/damage-damage-train-0726-augmented-0.JPEG
725	1.0	augmented/damage-damage-train-0727-augmented-0.JPEG
726	1.0	augmented/damage-damage-train-0728-augmented-0.JPEG
727	1.0	augmented/damage-damage-train-0729-augmented-0.JPEG
728	1.0	augmented/damage-damage-train-0730-augmented-0.JPEG
729	1.0	augmented/damage-damage-train-0731-augmented-0.JPEG
730	1.0	augmented/damage-damage-train-0732-augmented-0.JPEG
731	1.0	augmented/damage-damage-train-0733-augmented-0.JPEG
732	1.0	augmented/damage-damage-train-0734-augmented-0.JPEG
733	1.0	augmented/damage-damage-train-0735-augmented-0.JPEG
734	1.0	augmented/damage-damage-train-0736-augmented-0.JPEG
735	1.0	augmented/damage-damage-train-0737-augmented-0.JPEG
736	1.0	augmented/damage-damage-train-0738-augmented-0.JPEG
737	1.0	augmented/damage-damage-train-0739-augmented-0.JPEG
738	1.0	augmented/damage-damage-train-0740-augmented-0.JPEG
739	1.0	augmented/damage-damage-train-0741-augmented-0.JPEG
740	1.0	augmented/damage-damage-train-0742-augmented-0.JPEG
741	1.0	augmented/damage-damage-train-0743-augmented-0.JPEG
742	1.0	augmented/damage-damage-train-0744-augmented-0.JPEG
743	1.0	augmented/damage-damage-train-0745-augmented-0.JPEG
744	1.0	augmented/damage-damage-train-0746-augmented-0.JPEG
745	1.0	augmented/damage-damage-train-0747-augmented-0.JPEG
746	1.0	augmented/damage-damage-train-0748-augmented-0.JPEG
747	1.0	augmented/damage-damage-train-0749-augmented-0.JPEG
748	1.0	augmented/damage-damage-train-0750-augmented-0.JPEG
749	1.0	augmented/damage-damage-train-0751-augmented-0.JPEG
750	1.0	augmented/damage-damage-train-0752-augmented-0.JPEG
751	1.0	augmented/damage-damage-train-0753-augmented-0.JPEG
752	1.0	augmented/damage-damage-train-0754-augmented-0.JPEG
753	1.0	augmented/damage-damage-train-0755-augmented-0.JPEG
754	1.0	augmented/damage-damage-train-0756-augmented-0.JPEG
755	1.0	augmented/damage-damage-train-0757-augmented-0.JPEG
756	1.0	augmented/damage-damage-train-0758-augmented-0.JPEG
757	1.0	augmented/damage-damage-train-0759-augmented-0.JPEG
758	1.0	augmented/damage-damage-train-0760-augmented-0.JPEG
759	1.0	augmented/damage-damage-train-0761-augmented-0.JPEG
760	1.0	augmented/damage-damage-train-0762-augmented-0.JPEG
761	1.0	augmented/damage-damage-train-0763-augmented-0.JPEG
762	1.0	augmented/damage-damage-train-0764-augmented-0.JPEG
763	1.0	augmented/damage-damage-train-0765-augmented-0.JPEG
764	1.0	augmented/damage-damage-train-0766-augmented-0.JPEG
765	1.0	augmented/damage-damage-train-0767-augmented-0.JPEG
766	1.0	augmented/damage-damage-train-0768-augmented-0.JPEG
767	1.0	augmented/damage-damage-train-0769-augmented-0.JPEG
768	1.0	augmented/damage-damage-train-0770-augmented-0.JPEG
769	1.0	augmented/damage-damage-train-0771-augmented-0.JPEG
770	1.0	augmented/damage-damage-train-0772-augmented-0.JPEG
771	1.0	augmented/damage-damage-train-0773-augmented-0.JPEG
772	1.0	augmented/damage-damage-train-0774-augmented-0.JPEG
773	1.0	augmented/damage-damage-train-0775-augmented-0.JPEG
774	1.0	augmented/damage-damage-train-0776-augmented-0.JPEG
775	1.0	augmented/damage-damage-train-0777-augmented-0.JPEG
776	1.0	augmented/damage-damage-train-0778-augmented-0.JPEG
777	1.0	augmented/damage-damage-train-0779-augmented-0.JPEG
778	1.0	augmented/damage-damage-train-0780-augmented-0.JPEG
779	1.0	augmented/damage-damage-train-0781-augmented-0.JPEG
780	1.0	augmented/damage-damage-train-0782-augmented-0.JPEG
781	1.0	augmented/damage-damage-train-0783-augmented-0.JPEG
782	1.0	augmented/damage-damage-train-0784-augmented-0.JPEG
783	1.0	augmented/damage-damage-train-0785-augmented-0.JPEG
784	1.0	augmented/damage-damage-train-0786-augmented-0.JPEG
785	1.0	augmented/damage-damage-train-0787-augmented-0.JPEG
786	1.0	augmented/damage-damage-train-0788-augmented-0.JPEG
787	1.0	augmented/damage-damage-train-0789-augmented-0.JPEG
788	1.0	augmented/damage-damage-train-0790-augmented-0.JPEG
789	1.0	augmented/damage-damage-train-0791-augmented-0.JPEG
790	1.0	augmented/damage-damage-train-0792-augmented-0.JPEG
791	1.0	augmented/damage-damage-train-0793-augmented-0.JPEG
792	1.0	augmented/damage-damage-train-0794-augmented-0.JPEG
793	1.0	augmented/damage-damage-train-0795-augmented-0.JPEG
794	1.0	augmented/damage-damage-train-0796-augmented-0.JPEG
795	1.0	augmented/damage-damage-train-0797-augmented-0.JPEG
796	1.0	augmented/damage-damage-train-0798-augmented-0.JPEG
797	1.0	augmented/damage-damage-train-0799-augmented-0.JPEG
798	1.0	augmented/damage-damage-train-0800-augmented-0.JPEG
799	1.0	augmented/damage-damage-train-0801-augmented-0.JPEG
800	1.0	augmented/damage-damage-train-0802-augmented-0.JPEG
801	1.0	augmented/damage-damage-train-0803-augmented-0.JPEG
802	1.0	augmented/damage-damage-train-0804-augmented-0.JPEG
803	1.0	augmented/damage-damage-train-0805-augmented-0.JPEG
804	1.0	augmented/damage-damage-train-0806-augmented-0.JPEG
805	1.0	augmented/damage-damage-train-0807-augmented-0.JPEG
806	1.0	augmented/damage-damage-train-0808-augmented-0.JPEG
807	1.0	augmented/damage-damage-train-0809-augmented-0.JPEG
808	1.0	augmented/damage-damage-train-0810-augmented-0.JPEG
809	1.0	augmented/damage-damage-train-0811-augmented-0.JPEG
810	1.0	augmented/damage-damage-train-0812-augmented-0.JPEG
811	1.0	augmented/damage-damage-train-0813-augmented-0.JPEG
812	1.0	augmented/damage-damage-train-0814-augmented-0.JPEG
813	1.0	augmented/damage-damage-train-0815-augmented-0.JPEG
814	1.0	augmented/damage-damage-train-0816-augmented-0.JPEG
815	1.0	augmented/damage-damage-train-0817-augmented-0.JPEG
816	1.0	augmented/damage-damage-train-0818-augmented-0.JPEG
817	1.0	augmented/damage-damage-train-0819-augmented-0.JPEG
818	1.0	augmented/damage-damage-train-0820-augmented-0.JPEG
819	1.0	augmented/damage-damage-train-0821-augmented-0.JPEG
820	1.0	augmented/damage-damage-train-0822-augmented-0.JPEG
821	1.0	augmented/damage-damage-train-0823-augmented-0.JPEG
822	1.0	augmented/damage-damage-train-0824-augmented-0.JPEG
823	1.0	augmented/damage-damage-train-0825-augmented-0.JPEG
824	1.0	augmented/damage-damage-train-0826-augmented-0.JPEG
825	1.0	augmented/damage-damage-train-0827-augmented-0.JPEG
826	1.0	augmented/damage-damage-train-0828-augmented-0.JPEG
827	1.0	augmented/damage-damage-train-0829-augmented-0.JPEG
828	1.0	augmented/damage-damage-train-0830-augmented-0.JPEG
829	1.0	augmented/damage-damage-train-0831-augmented-0.JPEG
830	1.0	augmented/damage-damage-train-0832-augmented-0.JPEG
831	1.0	augmented/damage-damage-train-0833-augmented-0.JPEG
832	1.0	augmented/damage-damage-train-0834-augmented-0.JPEG
833	1.0	augmented/damage-damage-train-0835-augmented-0.JPEG
834	1.0	augmented/damage-damage-train-0836-augmented-0.JPEG
835	1.0	augmented/damage-damage-train-0837-augmented-0.JPEG
836	1.0	augmented/damage-damage-train-0838-augmented-0.JPEG
837	1.0	augmented/damage-damage-train-0839-augmented-0.JPEG
838	1.0	augmented/damage-damage-train-0840-augmented-0.JPEG
839	1.0	augmented/damage-damage-train-0841-augmented-0.JPEG
840	1.0	augmented/damage-damage-train-0842-augmented-0.JPEG
841	1.0	augmented/damage-damage-train-0843-augmented-0.JPEG
842	1.0	augmented/damage-damage-train-0844-augmented-0.JPEG
843	1.0	augmented/damage-damage-train-0845-augmented-0.JPEG
844	1.0	augmented/damage-damage-train-0846-augmented-0.JPEG
845	1.0	augmented/damage-damage-train-0847-augmented-0.JPEG
846	1.0	augmented/damage-damage-train-0848-augmented-0.JPEG
847	1.0	augmented/damage-damage-train-0849-augmented-0.JPEG
848	1.0	augmented/damage-damage-train-0850-augmented-0.JPEG
849	1.0	augmented/damage-damage-train-0851-augmented-0.JPEG
850	1.0	augmented/damage-damage-train-0852-augmented-0.JPEG
851	1.0	augmented/damage-damage-train-0853-augmented-0.JPEG
852	1.0	augmented/damage-damage-train-0854-augmented-0.JPEG
853	1.0	augmented/damage-damage-train-0855-augmented-0.JPEG
854	1.0	augmented/damage-damage-train-0856-augmented-0.JPEG
855	1.0	augmented/damage-damage-train-0857-augmented-0.JPEG
856	1.0	augmented/damage-damage-train-0858-augmented-0.JPEG
857	1.0	augmented/damage-damage-train-0859-augmented-0.JPEG
858	1.0	augmented/damage-damage-train-0860-augmented-0.JPEG
859	1.0	augmented/damage-damage-train-0861-augmented-0.JPEG
860	1.0	augmented/damage-damage-train-0862-augmented-0.JPEG
861	1.0	augmented/damage-damage-train-0863-augmented-0.JPEG
862	1.0	augmented/damage-damage-train-0864-augmented-0.JPEG
863	1.0	augmented/damage-damage-train-0865-augmented-0.JPEG
864	1.0	augmented/damage-damage-train-0866-augmented-0.JPEG
865	1.0	augmented/damage-damage-train-0867-augmented-0.JPEG
866	1.0	augmented/damage-damage-train-0868-augmented-0.JPEG
867	1.0	augmented/damage-damage-train-0869-augmented-0.JPEG
868	1.0	augmented/damage-damage-train-0870-augmented-0.JPEG
869	1.0	augmented/damage-damage-train-0871-augmented-0.JPEG
870	1.0	augmented/damage-damage-train-0872-augmented-0.JPEG
871	1.0	augmented/damage-damage-train-0873-augmented-0.JPEG
872	1.0	augmented/damage-damage-train-0874-augmented-0.JPEG
873	1.0	augmented/damage-damage-train-0875-augmented-0.JPEG
874	1.0	augmented/damage-damage-train-0876-augmented-0.JPEG
875	1.0	augmented/damage-damage-train-0877-augmented-0.JPEG
876	1.0	augmented/damage-damage-train-0878-augmented-0.JPEG
877	1.0	augmented/damage-damage-train-0880-augmented-0.JPEG
878	1.0	augmented/damage-damage-train-0881-augmented-0.JPEG
879	1.0	augmented/damage-damage-train-0882-augmented-0.JPEG
880	1.0	augmented/damage-damage-train-0883-augmented-0.JPEG
881	1.0	augmented/damage-damage-train-0884-augmented-0.JPEG
882	1.0	augmented/damage-damage-train-0885-augmented-0.JPEG
883	1.0	augmented/damage-damage-train-0886-augmented-0.JPEG
884	1.0	augmented/damage-damage-train-0887-augmented-0.JPEG
885	1.0	augmented/damage-damage-train-0888-augmented-0.JPEG
886	1.0	augmented/damage-damage-train-0889-augmented-0.JPEG
887	1.0	augmented/damage-damage-train-0890-augmented-0.JPEG
888	1.0	augmented/damage-damage-train-0891-augmented-0.JPEG
889	1.0	augmented/damage-damage-train-0892-augmented-0.JPEG
890	1.0	augmented/damage-damage-train-0893-augmented-0.JPEG
891	1.0	augmented/damage-damage-train-0894-augmented-0.JPEG
892	1.0	augmented/damage-damage-train-0895-augmented-0.JPEG
893	1.0	augmented/damage-damage-train-0896-augmented-0.JPEG
894	1.0	augmented/damage-damage-train-0897-augmented-0.JPEG
895	1.0	augmented/damage-damage-train-0898-augmented-0.JPEG
896	1.0	augmented/damage-damage-train-0899-augmented-0.JPEG
897	1.0	augmented/damage-damage-train-0900-augmented-0.JPEG
898	1.0	augmented/damage-damage-train-0901-augmented-0.JPEG
899	1.0	augmented/damage-damage-train-0902-augmented-0.JPEG
900	1.0	augmented/damage-damage-train-0903-augmented-0.JPEG
901	1.0	augmented/damage-damage-train-0904-augmented-0.JPEG
902	1.0	augmented/damage-damage-train-0905-augmented-0.JPEG
903	1.0	augmented/damage-damage-train-0906-augmented-0.JPEG
904	1.0	augmented/damage-damage-train-0907-augmented-0.JPEG
905	1.0	augmented/damage-damage-train-0908-augmented-0.JPEG
906	1.0	augmented/damage-damage-train-0909-augmented-0.JPEG
907	1.0	augmented/damage-damage-train-0910-augmented-0.JPEG
908	1.0	augmented/damage-damage-train-0911-augmented-0.JPEG
909	1.0	augmented/damage-damage-train-0912-augmented-0.JPEG
910	1.0	augmented/damage-damage-train-0913-augmented-0.JPEG
911	1.0	augmented/damage-damage-train-0914-augmented-0.JPEG
912	1.0	augmented/damage-damage-train-0915-augmented-0.JPEG
913	1.0	augmented/damage-damage-train-0916-augmented-0.JPEG
914	1.0	augmented/damage-damage-train-0917-augmented-0.JPEG
915	1.0	augmented/damage-damage-train-0918-augmented-0.JPEG
916	1.0	augmented/damage-damage-train-0919-augmented-0.JPEG
917	1.0	augmented/damage-damage-train-0920-augmented-0.JPEG
918	0.0	augmented/whole-train-0793-augmented-0.JPEG
919	0.0	augmented/whole-train-0794-augmented-0.JPEG
920	0.0	augmented/whole-train-0795-augmented-0.JPEG
921	0.0	augmented/whole-train-0796-augmented-0.JPEG
922	0.0	augmented/whole-train-0797-augmented-0.JPEG
923	0.0	augmented/whole-train-0798-augmented-0.JPEG
924	0.0	augmented/whole-train-0799-augmented-0.JPEG
925	0.0	augmented/whole-train-0800-augmented-0.JPEG
926	0.0	augmented/whole-train-0801-augmented-0.JPEG
927	0.0	augmented/whole-train-0802-augmented-0.JPEG
928	0.0	augmented/whole-train-0803-augmented-0.JPEG
929	0.0	augmented/whole-train-0804-augmented-0.JPEG
930	0.0	augmented/whole-train-0805-augmented-0.JPEG
931	0.0	augmented/whole-train-0806-augmented-0.JPEG
932	0.0	augmented/whole-train-0807-augmented-0.JPEG
933	0.0	augmented/whole-train-0808-augmented-0.JPEG
934	0.0	augmented/whole-train-0809-augmented-0.JPEG
935	0.0	augmented/whole-train-0810-augmented-0.JPEG
936	0.0	augmented/whole-train-0811-augmented-0.JPEG
937	0.0	augmented/whole-train-0812-augmented-0.JPEG
938	0.0	augmented/whole-train-0813-augmented-0.JPEG
939	0.0	augmented/whole-train-0814-augmented-0.JPEG
940	0.0	augmented/whole-train-0815-augmented-0.JPEG
941	0.0	augmented/whole-train-0816-augmented-0.JPEG
942	0.0	augmented/whole-train-0817-augmented-0.JPEG
943	0.0	augmented/whole-train-0818-augmented-0.JPEG
944	0.0	augmented/whole-train-0819-augmented-0.JPEG
945	0.0	augmented/whole-train-0820-augmented-0.JPEG
946	0.0	augmented/whole-train-0821-augmented-0.JPEG
947	0.0	augmented/whole-train-0822-augmented-0.JPEG
948	0.0	augmented/whole-train-0823-augmented-0.JPEG
949	0.0	augmented/whole-train-0824-augmented-0.JPEG
950	0.0	augmented/whole-train-0825-augmented-0.JPEG
951	0.0	augmented/whole-train-0826-augmented-0.JPEG
952	0.0	augmented/whole-train-0827-augmented-0.JPEG
953	0.0	augmented/whole-train-0828-augmented-0.JPEG
954	0.0	augmented/whole-train-0829-augmented-0.JPEG
955	0.0	augmented/whole-train-0830-augmented-0.JPEG
956	0.0	augmented/whole-train-0831-augmented-0.JPEG
957	0.0	augmented/whole-train-0832-augmented-0.JPEG
958	0.0	augmented/whole-train-0833-augmented-0.JPEG
959	0.0	augmented/whole-train-0834-augmented-0.JPEG
960	0.0	augmented/whole-train-0835-augmented-0.JPEG
961	0.0	augmented/whole-train-0836-augmented-0.JPEG
962	0.0	augmented/whole-train-0837-augmented-0.JPEG
963	0.0	augmented/whole-train-0838-augmented-0.JPEG
964	0.0	augmented/whole-train-0839-augmented-0.JPEG
965	0.0	augmented/whole-train-0840-augmented-0.JPEG
966	0.0	augmented/whole-train-0841-augmented-0.JPEG
967	0.0	augmented/whole-train-0842-augmented-0.JPEG
968	0.0	augmented/whole-train-0843-augmented-0.JPEG
969	0.0	augmented/whole-train-0844-augmented-0.JPEG
970	0.0	augmented/whole-train-0845-augmented-0.JPEG
971	0.0	augmented/whole-train-0846-augmented-0.JPEG
972	0.0	augmented/whole-train-0847-augmented-0.JPEG
973	0.0	augmented/whole-train-0848-augmented-0.JPEG
974	0.0	augmented/whole-train-0849-augmented-0.JPEG
975	0.0	augmented/whole-train-0850-augmented-0.JPEG
976	0.0	augmented/whole-train-0851-augmented-0.JPEG
977	0.0	augmented/whole-train-0852-augmented-0.JPEG
978	0.0	augmented/whole-train-0853-augmented-0.JPEG
979	0.0	augmented/whole-train-0854-augmented-0.JPEG
980	0.0	augmented/whole-train-0855-augmented-0.JPEG
981	0.0	augmented/whole-train-0856-augmented-0.JPEG
982	0.0	augmented/whole-train-0857-augmented-0.JPEG
983	0.0	augmented/whole-train-0858-augmented-0.JPEG
984	0.0	augmented/whole-train-0859-augmented-0.JPEG
985	0.0	augmented/whole-train-0860-augmented-0.JPEG
986	0.0	augmented/whole-train-0861-augmented-0.JPEG
987	0.0	augmented/whole-train-0862-augmented-0.JPEG
988	0.0	augmented/whole-train-0863-augmented-0.JPEG
989	0.0	augmented/whole-train-0864-augmented-0.JPEG
990	0.0	augmented/whole-train-0865-augmented-0.JPEG
991	0.0	augmented/whole-train-0866-augmented-0.JPEG
992	0.0	augmented/whole-train-0867-augmented-0.JPEG
993	0.0	augmented/whole-train-0868-augmented-0.JPEG
994	0.0	augmented/whole-train-0869-augmented-0.JPEG
995	0.0	augmented/whole-train-0870-augmented-0.JPEG
996	0.0	augmented/whole-train-0871-augmented-0.JPEG
997	0.0	augmented/whole-train-0872-augmented-0.JPEG
998	0.0	augmented/whole-train-0873-augmented-0.JPEG
999	0.0	augmented/whole-train-0874-augmented-0.JPEG
1000	0.0	augmented/whole-train-0875-augmented-0.JPEG
1001	0.0	augmented/whole-train-0876-augmented-0.JPEG
1002	0.0	augmented/whole-train-0877-augmented-0.JPEG
1003	0.0	augmented/whole-train-0878-augmented-0.JPEG
1004	0.0	augmented/whole-train-0879-augmented-0.JPEG
1005	0.0	augmented/whole-train-0880-augmented-0.JPEG
1006	0.0	augmented/whole-train-0881-augmented-0.JPEG
1007	0.0	augmented/whole-train-0882-augmented-0.JPEG
1008	0.0	augmented/whole-train-0883-augmented-0.JPEG
1009	0.0	augmented/whole-train-0884-augmented-0.JPEG
1010	0.0	augmented/whole-train-0885-augmented-0.JPEG
1011	0.0	augmented/whole-train-0886-augmented-0.JPEG
1012	0.0	augmented/whole-train-0887-augmented-0.JPEG
1013	0.0	augmented/whole-train-0888-augmented-0.JPEG
1014	0.0	augmented/whole-train-0889-augmented-0.JPEG
1015	0.0	augmented/whole-train-0890-augmented-0.JPEG
1016	0.0	augmented/whole-train-0891-augmented-0.JPEG
1017	0.0	augmented/whole-train-0892-augmented-0.JPEG
1018	0.0	augmented/whole-train-0893-augmented-0.JPEG
1019	0.0	augmented/whole-train-0894-augmented-0.JPEG
1020	0.0	augmented/whole-train-0895-augmented-0.JPEG
1021	0.0	augmented/whole-train-0896-augmented-0.JPEG
1022	0.0	augmented/whole-train-0897-augmented-0.JPEG
1023	0.0	augmented/whole-train-0898-augmented-0.JPEG
1024	0.0	augmented/whole-train-0899-augmented-0.JPEG
1025	0.0	augmented/whole-train-0900-augmented-0.JPEG
1026	0.0	augmented/whole-train-0901-augmented-0.JPEG
1027	0.0	augmented/whole-train-0902-augmented-0.JPEG
1028	0.0	augmented/whole-train-0903-augmented-0.JPEG
1029	0.0	augmented/whole-train-0904-augmented-0.JPEG
1030	0.0	augmented/whole-train-0905-augmented-0.JPEG
1031	0.0	augmented/whole-train-0906-augmented-0.JPEG
1032	0.0	augmented/whole-train-0907-augmented-0.JPEG
1033	0.0	augmented/whole-train-0908-augmented-0.JPEG
1034	0.0	augmented/whole-train-0909-augmented-0.JPEG
1035	0.0	augmented/whole-train-0910-augmented-0.JPEG
1036	0.0	augmented/whole-train-0911-augmented-0.JPEG
1037	0.0	augmented/whole-train-0912-augmented-0.JPEG
1038	0.0	augmented/whole-train-0913-augmented-0.JPEG
1039	0.0	augmented/whole-train-0914-augmented-0.JPEG
1040	0.0	augmented/whole-train-0915-augmented-0.JPEG
1041	0.0	augmented/whole-train-0916-augmented-0.JPEG
1042	0.0	augmented/whole-train-0917-augmented-0.JPEG
1043	0.0	augmented/whole-train-0918-augmented-0.JPEG
1044	0.0	augmented/whole-train-0919-augmented-0.JPEG
1045	0.0	augmented/whole-train-0920-augmented-0.JPEG
1046	1.0	damage-damage-train-0002.JPEG
1047	1.0	damage-damage-train-0003.JPEG
1048	1.0	damage-damage-train-0004.JPEG
1049	1.0	damage-damage-train-0005.JPEG
1050	1.0	damage-damage-train-0006.JPEG
1051	1.0	damage-damage-train-0007.JPEG
1052	1.0	damage-damage-train-0008.JPEG
1053	1.0	damage-damage-train-0009.JPEG
1054	1.0	damage-damage-train-0010.JPEG
1055	1.0	damage-damage-train-0011.JPEG
1056	1.0	damage-damage-train-0012.JPEG
1057	1.0	damage-damage-train-0013.JPEG
1058	1.0	damage-damage-train-0014.JPEG
1059	1.0	damage-damage-train-0015.JPEG
1060	1.0	damage-damage-train-0017.JPEG
1061	1.0	damage-damage-train-0018.JPEG
1062	1.0	damage-damage-train-0019.JPEG
1063	1.0	damage-damage-train-0022.JPEG
1064	1.0	damage-damage-train-0023.JPEG
1065	1.0	damage-damage-train-0025.JPEG
1066	1.0	damage-damage-train-0026.JPEG
1067	1.0	damage-damage-train-0027.JPEG
1068	1.0	damage-damage-train-0028.JPEG
1069	1.0	damage-damage-train-0029.JPEG
1070	1.0	damage-damage-train-0031.JPEG
1071	1.0	damage-damage-train-0033.JPEG
1072	1.0	damage-damage-train-0034.JPEG
1073	1.0	damage-damage-train-0036.JPEG
1074	1.0	damage-damage-train-0039.JPEG
1075	1.0	damage-damage-train-0040.JPEG
1076	1.0	damage-damage-train-0041.JPEG
1077	1.0	damage-damage-train-0043.JPEG
1078	1.0	damage-damage-train-0044.JPEG
1079	1.0	damage-damage-train-0045.JPEG
1080	1.0	damage-damage-train-0048.JPEG
1081	1.0	damage-damage-train-0049.JPEG
1082	1.0	damage-damage-train-0050.JPEG
1083	1.0	damage-damage-train-0051.JPEG
1084	1.0	damage-damage-train-0053.JPEG
1085	1.0	damage-damage-train-0054.JPEG
1086	1.0	damage-damage-train-0055.JPEG
1087	1.0	damage-damage-train-0056.JPEG
1088	1.0	damage-damage-train-0057.JPEG
1089	1.0	damage-damage-train-0058.JPEG
1090	1.0	damage-damage-train-0059.JPEG
1091	1.0	damage-damage-train-0061.JPEG
1092	1.0	damage-damage-train-0062.JPEG
1093	1.0	damage-damage-train-0063.JPEG
1094	1.0	damage-damage-train-0064.JPEG
1095	1.0	damage-damage-train-0065.JPEG
1096	1.0	damage-damage-train-0067.JPEG
1097	1.0	damage-damage-train-0068.JPEG
1098	1.0	damage-damage-train-0071.JPEG
1099	1.0	damage-damage-train-0072.JPEG
1100	1.0	damage-damage-train-0073.JPEG
1101	1.0	damage-damage-train-0074.JPEG
1102	1.0	damage-damage-train-0075.JPEG
1103	1.0	damage-damage-train-0076.JPEG
1104	1.0	damage-damage-train-0077.JPEG
1105	1.0	damage-damage-train-0079.JPEG
1106	1.0	damage-damage-train-0080.JPEG
1107	1.0	damage-damage-train-0081.JPEG
1108	1.0	damage-damage-train-0082.JPEG
1109	1.0	damage-damage-train-0083.JPEG
1110	1.0	damage-damage-train-0084.JPEG
1111	1.0	damage-damage-train-0085.JPEG
1112	1.0	damage-damage-train-0086.JPEG
1113	1.0	damage-damage-train-0087.JPEG
1114	1.0	damage-damage-train-0089.JPEG
1115	1.0	damage-damage-train-0090.JPEG
1116	1.0	damage-damage-train-0091.JPEG
1117	1.0	damage-damage-train-0092.JPEG
1118	1.0	damage-damage-train-0094.JPEG
1119	1.0	damage-damage-train-0095.JPEG
1120	1.0	damage-damage-train-0096.JPEG
1121	1.0	damage-damage-train-0097.JPEG
1122	1.0	damage-damage-train-0098.JPEG
1123	1.0	damage-damage-train-0099.JPEG
1124	1.0	damage-damage-train-0100.JPEG
1125	1.0	damage-damage-train-0102.JPEG
1126	1.0	damage-damage-train-0103.JPEG
1127	1.0	damage-damage-train-0104.JPEG
1128	1.0	damage-damage-train-0106.JPEG
1129	1.0	damage-damage-train-0107.JPEG
1130	1.0	damage-damage-train-0108.jpeg
1131	1.0	damage-damage-train-0109.JPEG
1132	1.0	damage-damage-train-0110.JPEG
1133	1.0	damage-damage-train-0111.JPEG
1134	1.0	damage-damage-train-0112.JPEG
1135	1.0	damage-damage-train-0113.JPEG
1136	1.0	damage-damage-train-0114.JPEG
1137	1.0	damage-damage-train-0115.JPEG
1138	1.0	damage-damage-train-0116.JPEG
1139	1.0	damage-damage-train-0117.JPEG
1140	1.0	damage-damage-train-0118.JPEG
1141	1.0	damage-damage-train-0119.JPEG
1142	1.0	damage-damage-train-0120.JPEG
1143	1.0	damage-damage-train-0121.JPEG
1144	1.0	damage-damage-train-0123.JPEG
1145	1.0	damage-damage-train-0124.JPEG
1146	1.0	damage-damage-train-0125.JPEG
1147	1.0	damage-damage-train-0126.JPEG
1148	1.0	damage-damage-train-0127.jpeg
1149	1.0	damage-damage-train-0128.jpeg
1150	1.0	damage-damage-train-0129.jpeg
1151	1.0	damage-damage-train-0130.JPEG
1152	1.0	damage-damage-train-0131.JPEG
1153	1.0	damage-damage-train-0132.JPEG
1154	1.0	damage-damage-train-0133.JPEG
1155	1.0	damage-damage-train-0134.JPEG
1156	1.0	damage-damage-train-0135.JPEG
1157	1.0	damage-damage-train-0136.JPEG
1158	1.0	damage-damage-train-0137.JPEG
1159	1.0	damage-damage-train-0138.JPEG
1160	1.0	damage-damage-train-0139.JPEG
1161	1.0	damage-damage-train-0140.JPEG
1162	1.0	damage-damage-train-0141.JPEG
1163	1.0	damage-damage-train-0142.JPEG
1164	1.0	damage-damage-train-0143.jpeg
1165	1.0	damage-damage-train-0144.JPEG
1166	1.0	damage-damage-train-0145.JPEG
1167	1.0	damage-damage-train-0146.JPEG
1168	1.0	damage-damage-train-0147.JPEG
1169	1.0	damage-damage-train-0148.jpeg
1170	1.0	damage-damage-train-0149.JPEG
1171	1.0	damage-damage-train-0150.JPEG
1172	1.0	damage-damage-train-0151.JPEG
1173	1.0	damage-damage-train-0152.jpeg
1174	1.0	damage-damage-train-0153.JPEG
1175	1.0	damage-damage-train-0154.JPEG
1176	1.0	damage-damage-train-0155.jpeg
1177	1.0	damage-damage-train-0156.JPEG
1178	1.0	damage-damage-train-0157.jpeg
1179	1.0	damage-damage-train-0158.jpeg
1180	1.0	damage-damage-train-0159.JPEG
1181	1.0	damage-damage-train-0160.JPEG
1182	1.0	damage-damage-train-0161.jpeg
1183	1.0	damage-damage-train-0164.JPEG
1184	1.0	damage-damage-train-0165.JPEG
1185	1.0	damage-damage-train-0166.JPEG
1186	1.0	damage-damage-train-0167.JPEG
1187	1.0	damage-damage-train-0168.JPEG
1188	1.0	damage-damage-train-0169.jpeg
1189	1.0	damage-damage-train-0170.JPEG
1190	1.0	damage-damage-train-0172.jpeg
1191	1.0	damage-damage-train-0173.JPEG
1192	1.0	damage-damage-train-0174.JPEG
1193	1.0	damage-damage-train-0176.JPEG
1194	1.0	damage-damage-train-0179.JPEG
1195	1.0	damage-damage-train-0180.jpeg
1196	1.0	damage-damage-train-0181.JPEG
1197	1.0	damage-damage-train-0182.JPEG
1198	1.0	damage-damage-train-0183.JPEG
1199	1.0	damage-damage-train-0185.JPEG
1200	1.0	damage-damage-train-0186.JPEG
1201	1.0	damage-damage-train-0187.JPEG
1202	1.0	damage-damage-train-0188.jpeg
1203	1.0	damage-damage-train-0191.JPEG
1204	1.0	damage-damage-train-0192.JPEG
1205	1.0	damage-damage-train-0193.JPEG
1206	1.0	damage-damage-train-0194.JPEG
1207	1.0	damage-damage-train-0195.JPEG
1208	1.0	damage-damage-train-0196.JPEG
1209	1.0	damage-damage-train-0198.JPEG
1210	1.0	damage-damage-train-0199.jpeg
1211	1.0	damage-damage-train-0200.JPEG
1212	1.0	damage-damage-train-0201.JPEG
1213	1.0	damage-damage-train-0202.JPEG
1214	1.0	damage-damage-train-0205.JPEG
1215	1.0	damage-damage-train-0206.JPEG
1216	1.0	damage-damage-train-0207.JPEG
1217	1.0	damage-damage-train-0208.JPEG
1218	1.0	damage-damage-train-0210.JPEG
1219	1.0	damage-damage-train-0211.JPEG
1220	1.0	damage-damage-train-0212.JPEG
1221	1.0	damage-damage-train-0215.JPEG
1222	1.0	damage-damage-train-0216.JPEG
1223	1.0	damage-damage-train-0217.JPEG
1224	1.0	damage-damage-train-0218.JPEG
1225	1.0	damage-damage-train-0221.JPEG
1226	1.0	damage-damage-train-0224.JPEG
1227	1.0	damage-damage-train-0225.JPEG
1228	1.0	damage-damage-train-0226.JPEG
1229	1.0	damage-damage-train-0227.JPEG
1230	1.0	damage-damage-train-0229.JPEG
1231	1.0	damage-damage-train-0230.JPEG
1232	1.0	damage-damage-train-0232.JPEG
1233	1.0	damage-damage-train-0235.JPEG
1234	1.0	damage-damage-train-0236.JPEG
1235	1.0	damage-damage-train-0237.JPEG
1236	1.0	damage-damage-train-0239.JPEG
1237	1.0	damage-damage-train-0240.JPEG
1238	1.0	damage-damage-train-0241.JPEG
1239	1.0	damage-damage-train-0242.JPEG
1240	1.0	damage-damage-train-0243.JPEG
1241	1.0	damage-damage-train-0244.JPEG
1242	1.0	damage-damage-train-0246.JPEG
1243	1.0	damage-damage-train-0247.JPEG
1244	1.0	damage-damage-train-0248.JPEG
1245	1.0	damage-damage-train-0249.JPEG
1246	1.0	damage-damage-train-0250.JPEG
1247	1.0	damage-damage-train-0251.JPEG
1248	1.0	damage-damage-train-0252.JPEG
1249	1.0	damage-damage-train-0254.JPEG
1250	1.0	damage-damage-train-0255.JPEG
1251	1.0	damage-damage-train-0256.JPEG
1252	1.0	damage-damage-train-0257.JPEG
1253	1.0	damage-damage-train-0258.JPEG
1254	1.0	damage-damage-train-0260.JPEG
1255	1.0	damage-damage-train-0262.JPEG
1256	1.0	damage-damage-train-0263.JPEG
1257	1.0	damage-damage-train-0264.JPEG
1258	1.0	damage-damage-train-0266.JPEG
1259	1.0	damage-damage-train-0267.JPEG
1260	1.0	damage-damage-train-0268.JPEG
1261	1.0	damage-damage-train-0269.JPEG
1262	1.0	damage-damage-train-0270.JPEG
1263	1.0	damage-damage-train-0271.JPEG
1264	1.0	damage-damage-train-0272.JPEG
1265	1.0	damage-damage-train-0275.JPEG
1266	1.0	damage-damage-train-0277.JPEG
1267	1.0	damage-damage-train-0279.JPEG
1268	1.0	damage-damage-train-0280.JPEG
1269	1.0	damage-damage-train-0282.JPEG
1270	1.0	damage-damage-train-0283.JPEG
1271	1.0	damage-damage-train-0284.JPEG
1272	1.0	damage-damage-train-0285.JPEG
1273	1.0	damage-damage-train-0286.JPEG
1274	1.0	damage-damage-train-0287.JPEG
1275	1.0	damage-damage-train-0288.JPEG
1276	1.0	damage-damage-train-0294.JPEG
1277	1.0	damage-damage-train-0295.JPEG
1278	1.0	damage-damage-train-0296.JPEG
1279	1.0	damage-damage-train-0297.JPEG
1280	1.0	damage-damage-train-0298.JPEG
1281	1.0	damage-damage-train-0299.JPEG
1282	1.0	damage-damage-train-0300.JPEG
1283	1.0	damage-damage-train-0302.JPEG
1284	1.0	damage-damage-train-0303.JPEG
1285	1.0	damage-damage-train-0304.JPEG
1286	1.0	damage-damage-train-0307.JPEG
1287	1.0	damage-damage-train-0308.JPEG
1288	1.0	damage-damage-train-0309.JPEG
1289	1.0	damage-damage-train-0310.JPEG
1290	1.0	damage-damage-train-0311.JPEG
1291	1.0	damage-damage-train-0312.JPEG
1292	1.0	damage-damage-train-0313.JPEG
1293	1.0	damage-damage-train-0314.JPEG
1294	1.0	damage-damage-train-0315.JPEG
1295	1.0	damage-damage-train-0316.JPEG
1296	1.0	damage-damage-train-0317.JPEG
1297	1.0	damage-damage-train-0318.JPEG
1298	1.0	damage-damage-train-0319.JPEG
1299	1.0	damage-damage-train-0321.JPEG
1300	1.0	damage-damage-train-0322.JPEG
1301	1.0	damage-damage-train-0323.JPEG
1302	1.0	damage-damage-train-0324.JPEG
1303	1.0	damage-damage-train-0326.JPEG
1304	1.0	damage-damage-train-0328.JPEG
1305	1.0	damage-damage-train-0330.JPEG
1306	1.0	damage-damage-train-0331.JPEG
1307	1.0	damage-damage-train-0333.JPEG
1308	1.0	damage-damage-train-0334.JPEG
1309	1.0	damage-damage-train-0335.JPEG
1310	1.0	damage-damage-train-0336.JPEG
1311	1.0	damage-damage-train-0338.JPEG
1312	1.0	damage-damage-train-0341.JPEG
1313	1.0	damage-damage-train-0345.JPEG
1314	1.0	damage-damage-train-0346.JPEG
1315	1.0	damage-damage-train-0347.JPEG
1316	1.0	damage-damage-train-0348.JPEG
1317	1.0	damage-damage-train-0349.jpeg
1318	1.0	damage-damage-train-0350.JPEG
1319	1.0	damage-damage-train-0351.JPEG
1320	1.0	damage-damage-train-0352.JPEG
1321	1.0	damage-damage-train-0353.JPEG
1322	1.0	damage-damage-train-0354.JPEG
1323	1.0	damage-damage-train-0355.JPEG
1324	1.0	damage-damage-train-0356.JPEG
1325	1.0	damage-damage-train-0358.JPEG
1326	1.0	damage-damage-train-0359.JPEG
1327	1.0	damage-damage-train-0361.JPEG
1328	1.0	damage-damage-train-0364.JPEG
1329	1.0	damage-damage-train-0365.JPEG
1330	1.0	damage-damage-train-0368.JPEG
1331	1.0	damage-damage-train-0369.JPEG
1332	1.0	damage-damage-train-0370.JPEG
1333	1.0	damage-damage-train-0371.JPEG
1334	1.0	damage-damage-train-0372.JPEG
1335	1.0	damage-damage-train-0373.JPEG
1336	1.0	damage-damage-train-0375.JPEG
1337	1.0	damage-damage-train-0376.JPEG
1338	1.0	damage-damage-train-0377.JPEG
1339	1.0	damage-damage-train-0378.JPEG
1340	1.0	damage-damage-train-0380.JPEG
1341	1.0	damage-damage-train-0381.JPEG
1342	1.0	damage-damage-train-0382.JPEG
1343	1.0	damage-damage-train-0383.jpeg
1344	1.0	damage-damage-train-0384.JPEG
1345	1.0	damage-damage-train-0386.JPEG
1346	1.0	damage-damage-train-0387.JPEG
1347	1.0	damage-damage-train-0388.JPEG
1348	1.0	damage-damage-train-0389.JPEG
1349	1.0	damage-damage-train-0390.JPEG
1350	1.0	damage-damage-train-0391.JPEG
1351	1.0	damage-damage-train-0392.JPEG
1352	1.0	damage-damage-train-0393.JPEG
1353	1.0	damage-damage-train-0395.JPEG
1354	1.0	damage-damage-train-0397.JPEG
1355	1.0	damage-damage-train-0398.JPEG
1356	1.0	damage-damage-train-0399.JPEG
1357	1.0	damage-damage-train-0400.JPEG
1358	1.0	damage-damage-train-0401.JPEG
1359	1.0	damage-damage-train-0403.JPEG
1360	1.0	damage-damage-train-0404.JPEG
1361	1.0	damage-damage-train-0405.JPEG
1362	1.0	damage-damage-train-0406.JPEG
1363	1.0	damage-damage-train-0407.JPEG
1364	1.0	damage-damage-train-0411.JPEG
1365	1.0	damage-damage-train-0412.jpeg
1366	1.0	damage-damage-train-0413.JPEG
1367	1.0	damage-damage-train-0414.JPEG
1368	1.0	damage-damage-train-0415.JPEG
1369	1.0	damage-damage-train-0416.JPEG
1370	1.0	damage-damage-train-0417.JPEG
1371	1.0	damage-damage-train-0419.JPEG
1372	1.0	damage-damage-train-0420.JPEG
1373	1.0	damage-damage-train-0421.JPEG
1374	1.0	damage-damage-train-0422.JPEG
1375	1.0	damage-damage-train-0423.JPEG
1376	1.0	damage-damage-train-0424.JPEG
1377	1.0	damage-damage-train-0425.JPEG
1378	1.0	damage-damage-train-0426.JPEG
1379	1.0	damage-damage-train-0427.JPEG
1380	1.0	damage-damage-train-0428.JPEG
1381	1.0	damage-damage-train-0429.JPEG
1382	1.0	damage-damage-train-0431.JPEG
1383	1.0	damage-damage-train-0432.JPEG
1384	1.0	damage-damage-train-0433.JPEG
1385	1.0	damage-damage-train-0434.JPEG
1386	1.0	damage-damage-train-0435.JPEG
1387	1.0	damage-damage-train-0437.JPEG
1388	1.0	damage-damage-train-0438.JPEG
1389	1.0	damage-damage-train-0439.JPEG
1390	1.0	damage-damage-train-0442.JPEG
1391	1.0	damage-damage-train-0444.JPEG
1392	1.0	damage-damage-train-0445.JPEG
1393	1.0	damage-damage-train-0447.JPEG
1394	1.0	damage-damage-train-0448.JPEG
1395	1.0	damage-damage-train-0449.JPEG
1396	1.0	damage-damage-train-0450.JPEG
1397	1.0	damage-damage-train-0451.jpeg
1398	1.0	damage-damage-train-0452.JPEG
1399	1.0	damage-damage-train-0454.JPEG
1400	1.0	damage-damage-train-0455.JPEG
1401	1.0	damage-damage-train-0456.JPEG
1402	1.0	damage-damage-train-0457.JPEG
1403	1.0	damage-damage-train-0458.JPEG
1404	1.0	damage-damage-train-0459.JPEG
1405	1.0	damage-damage-train-0460.JPEG
1406	1.0	damage-damage-train-0461.jpeg
1407	1.0	damage-damage-train-0462.JPEG
1408	1.0	damage-damage-train-0463.JPEG
1409	1.0	damage-damage-train-0465.JPEG
1410	1.0	damage-damage-train-0466.JPEG
1411	1.0	damage-damage-train-0468.JPEG
1412	1.0	damage-damage-train-0469.JPEG
1413	1.0	damage-damage-train-0470.JPEG
1414	1.0	damage-damage-train-0471.jpeg
1415	1.0	damage-damage-train-0472.JPEG
1416	1.0	damage-damage-train-0473.JPEG
1417	1.0	damage-damage-train-0474.JPEG
1418	1.0	damage-damage-train-0475.jpeg
1419	1.0	damage-damage-train-0476.JPEG
1420	1.0	damage-damage-train-0477.JPEG
1421	1.0	damage-damage-train-0479.JPEG
1422	1.0	damage-damage-train-0480.JPEG
1423	1.0	damage-damage-train-0481.JPEG
1424	1.0	damage-damage-train-0482.JPEG
1425	1.0	damage-damage-train-0484.jpeg
1426	1.0	damage-damage-train-0485.JPEG
1427	1.0	damage-damage-train-0486.JPEG
1428	1.0	damage-damage-train-0487.JPEG
1429	1.0	damage-damage-train-0488.JPEG
1430	1.0	damage-damage-train-0489.jpeg
1431	1.0	damage-damage-train-0490.JPEG
1432	1.0	damage-damage-train-0492.jpeg
1433	1.0	damage-damage-train-0493.jpeg
1434	1.0	damage-damage-train-0494.JPEG
1435	1.0	damage-damage-train-0495.JPEG
1436	1.0	damage-damage-train-0497.JPEG
1437	1.0	damage-damage-train-0499.JPEG
1438	1.0	damage-damage-train-0500.JPEG
1439	1.0	damage-damage-train-0501.JPEG
1440	1.0	damage-damage-train-0502.JPEG
1441	1.0	damage-damage-train-0503.JPEG
1442	1.0	damage-damage-train-0505.JPEG
1443	1.0	damage-damage-train-0506.JPEG
1444	1.0	damage-damage-train-0507.JPEG
1445	1.0	damage-damage-train-0508.JPEG
1446	1.0	damage-damage-train-0510.JPEG
1447	1.0	damage-damage-train-0511.JPEG
1448	1.0	damage-damage-train-0512.JPEG
1449	1.0	damage-damage-train-0513.JPEG
1450	1.0	damage-damage-train-0515.JPEG
1451	1.0	damage-damage-train-0516.JPEG
1452	1.0	damage-damage-train-0518.JPEG
1453	1.0	damage-damage-train-0519.JPEG
1454	1.0	damage-damage-train-0521.JPEG
1455	1.0	damage-damage-train-0523.JPEG
1456	1.0	damage-damage-train-0524.JPEG
1457	1.0	damage-damage-train-0525.JPEG
1458	1.0	damage-damage-train-0526.JPEG
1459	1.0	damage-damage-train-0527.jpeg
1460	1.0	damage-damage-train-0530.JPEG
1461	1.0	damage-damage-train-0531.JPEG
1462	1.0	damage-damage-train-0533.JPEG
1463	1.0	damage-damage-train-0534.JPEG
1464	1.0	damage-damage-train-0535.JPEG
1465	1.0	damage-damage-train-0536.JPEG
1466	1.0	damage-damage-train-0537.JPEG
1467	1.0	damage-damage-train-0539.JPEG
1468	1.0	damage-damage-train-0541.JPEG
1469	1.0	damage-damage-train-0543.JPEG
1470	1.0	damage-damage-train-0544.JPEG
1471	1.0	damage-damage-train-0545.JPEG
1472	1.0	damage-damage-train-0546.JPEG
1473	1.0	damage-damage-train-0547.JPEG
1474	1.0	damage-damage-train-0551.JPEG
1475	1.0	damage-damage-train-0552.JPEG
1476	1.0	damage-damage-train-0553.JPEG
1477	1.0	damage-damage-train-0555.JPEG
1478	1.0	damage-damage-train-0556.JPEG
1479	1.0	damage-damage-train-0557.JPEG
1480	1.0	damage-damage-train-0558.JPEG
1481	1.0	damage-damage-train-0560.JPEG
1482	1.0	damage-damage-train-0562.JPEG
1483	1.0	damage-damage-train-0563.JPEG
1484	1.0	damage-damage-train-0564.JPEG
1485	1.0	damage-damage-train-0565.JPEG
1486	1.0	damage-damage-train-0566.JPEG
1487	1.0	damage-damage-train-0567.JPEG
1488	1.0	damage-damage-train-0568.JPEG
1489	1.0	damage-damage-train-0569.JPEG
1490	1.0	damage-damage-train-0571.JPEG
1491	1.0	damage-damage-train-0572.JPEG
1492	1.0	damage-damage-train-0573.JPEG
1493	1.0	damage-damage-train-0574.JPEG
1494	1.0	damage-damage-train-0575.JPEG
1495	1.0	damage-damage-train-0576.JPEG
1496	1.0	damage-damage-train-0577.JPEG
1497	1.0	damage-damage-train-0578.JPEG
1498	1.0	damage-damage-train-0579.JPEG
1499	1.0	damage-damage-train-0581.JPEG
1500	1.0	damage-damage-train-0583.JPEG
1501	1.0	damage-damage-train-0585.JPEG
1502	1.0	damage-damage-train-0586.JPEG
1503	1.0	damage-damage-train-0587.JPEG
1504	1.0	damage-damage-train-0588.JPEG
1505	1.0	damage-damage-train-0589.JPEG
1506	1.0	damage-damage-train-0590.JPEG
1507	1.0	damage-damage-train-0591.JPEG
1508	1.0	damage-damage-train-0592.JPEG
1509	1.0	damage-damage-train-0593.JPEG
1510	1.0	damage-damage-train-0594.JPEG
1511	1.0	damage-damage-train-0595.JPEG
1512	1.0	damage-damage-train-0598.JPEG
1513	1.0	damage-damage-train-0599.JPEG
1514	1.0	damage-damage-train-0600.JPEG
1515	1.0	damage-damage-train-0601.JPEG
1516	1.0	damage-damage-train-0602.JPEG
1517	1.0	damage-damage-train-0603.JPEG
1518	1.0	damage-damage-train-0604.JPEG
1519	1.0	damage-damage-train-0605.JPEG
1520	1.0	damage-damage-train-0607.JPEG
1521	1.0	damage-damage-train-0608.JPEG
1522	1.0	damage-damage-train-0609.JPEG
1523	1.0	damage-damage-train-0610.JPEG
1524	1.0	damage-damage-train-0611.JPEG
1525	1.0	damage-damage-train-0612.JPEG
1526	1.0	damage-damage-train-0613.JPEG
1527	1.0	damage-damage-train-0614.JPEG
1528	1.0	damage-damage-train-0615.JPEG
1529	1.0	damage-damage-train-0617.JPEG
1530	1.0	damage-damage-train-0619.jpeg
1531	1.0	damage-damage-train-0620.JPEG
1532	1.0	damage-damage-train-0621.JPEG
1533	1.0	damage-damage-train-0622.JPEG
1534	1.0	damage-damage-train-0623.JPEG
1535	1.0	damage-damage-train-0625.JPEG
1536	1.0	damage-damage-train-0626.JPEG
1537	1.0	damage-damage-train-0628.JPEG
1538	1.0	damage-damage-train-0629.JPEG
1539	1.0	damage-damage-train-0630.JPEG
1540	1.0	damage-damage-train-0631.JPEG
1541	1.0	damage-damage-train-0633.JPEG
1542	1.0	damage-damage-train-0634.JPEG
1543	1.0	damage-damage-train-0636.JPEG
1544	1.0	damage-damage-train-0637.JPEG
1545	1.0	damage-damage-train-0638.JPEG
1546	1.0	damage-damage-train-0639.JPEG
1547	1.0	damage-damage-train-0640.JPEG
1548	1.0	damage-damage-train-0643.JPEG
1549	1.0	damage-damage-train-0644.JPEG
1550	1.0	damage-damage-train-0646.JPEG
1551	1.0	damage-damage-train-0648.JPEG
1552	1.0	damage-damage-train-0649.JPEG
1553	1.0	damage-damage-train-0650.JPEG
1554	1.0	damage-damage-train-0652.JPEG
1555	1.0	damage-damage-train-0653.JPEG
1556	1.0	damage-damage-train-0654.JPEG
1557	1.0	damage-damage-train-0655.JPEG
1558	1.0	damage-damage-train-0656.JPEG
1559	1.0	damage-damage-train-0658.JPEG
1560	1.0	damage-damage-train-0659.JPEG
1561	1.0	damage-damage-train-0660.JPEG
1562	1.0	damage-damage-train-0661.JPEG
1563	1.0	damage-damage-train-0662.JPEG
1564	1.0	damage-damage-train-0665.JPEG
1565	1.0	damage-damage-train-0666.JPEG
1566	1.0	damage-damage-train-0667.JPEG
1567	1.0	damage-damage-train-0668.JPEG
1568	1.0	damage-damage-train-0670.JPEG
1569	1.0	damage-damage-train-0671.jpeg
1570	1.0	damage-damage-train-0672.JPEG
1571	1.0	damage-damage-train-0673.JPEG
1572	1.0	damage-damage-train-0674.JPEG
1573	1.0	damage-damage-train-0675.JPEG
1574	1.0	damage-damage-train-0676.JPEG
1575	1.0	damage-damage-train-0678.JPEG
1576	1.0	damage-damage-train-0679.JPEG
1577	1.0	damage-damage-train-0680.JPEG
1578	1.0	damage-damage-train-0681.JPEG
1579	1.0	damage-damage-train-0682.JPEG
1580	1.0	damage-damage-train-0684.JPEG
1581	1.0	damage-damage-train-0685.JPEG
1582	1.0	damage-damage-train-0686.JPEG
1583	1.0	damage-damage-train-0687.JPEG
1584	1.0	damage-damage-train-0688.JPEG
1585	1.0	damage-damage-train-0689.JPEG
1586	1.0	damage-damage-train-0690.JPEG
1587	1.0	damage-damage-train-0692.JPEG
1588	1.0	damage-damage-train-0693.JPEG
1589	1.0	damage-damage-train-0694.JPEG
1590	1.0	damage-damage-train-0696.JPEG
1591	1.0	damage-damage-train-0699.JPEG
1592	1.0	damage-damage-train-0700.jpeg
1593	1.0	damage-damage-train-0701.jpeg
1594	1.0	damage-damage-train-0702.JPEG
1595	1.0	damage-damage-train-0703.JPEG
1596	1.0	damage-damage-train-0704.JPEG
1597	1.0	damage-damage-train-0705.jpeg
1598	1.0	damage-damage-train-0707.JPEG
1599	1.0	damage-damage-train-0709.JPEG
1600	1.0	damage-damage-train-0710.jpeg
1601	1.0	damage-damage-train-0711.JPEG
1602	1.0	damage-damage-train-0712.JPEG
1603	1.0	damage-damage-train-0713.JPEG
1604	1.0	damage-damage-train-0714.JPEG
1605	1.0	damage-damage-train-0715.JPEG
1606	1.0	damage-damage-train-0716.jpeg
1607	1.0	damage-damage-train-0717.JPEG
1608	1.0	damage-damage-train-0719.JPEG
1609	1.0	damage-damage-train-0720.JPEG
1610	1.0	damage-damage-train-0721.JPEG
1611	1.0	damage-damage-train-0722.JPEG
1612	1.0	damage-damage-train-0723.jpeg
1613	1.0	damage-damage-train-0725.JPEG
1614	1.0	damage-damage-train-0726.JPEG
1615	1.0	damage-damage-train-0727.jpeg
1616	1.0	damage-damage-train-0728.JPEG
1617	1.0	damage-damage-train-0729.JPEG
1618	1.0	damage-damage-train-0730.JPEG
1619	1.0	damage-damage-train-0734.JPEG
1620	1.0	damage-damage-train-0735.JPEG
1621	1.0	damage-damage-train-0736.JPEG
1622	1.0	damage-damage-train-0738.jpeg
1623	1.0	damage-damage-train-0739.JPEG
1624	1.0	damage-damage-train-0740.JPEG
1625	1.0	damage-damage-train-0742.JPEG
1626	1.0	damage-damage-train-0743.jpeg
1627	1.0	damage-damage-train-0744.JPEG
1628	1.0	damage-damage-train-0745.JPEG
1629	1.0	damage-damage-train-0746.JPEG
1630	1.0	damage-damage-train-0747.JPEG
1631	1.0	damage-damage-train-0748.jpeg
1632	1.0	damage-damage-train-0749.JPEG
1633	1.0	damage-damage-train-0751.JPEG
1634	1.0	damage-damage-train-0752.JPEG
1635	1.0	damage-damage-train-0755.JPEG
1636	1.0	damage-damage-train-0756.JPEG
1637	1.0	damage-damage-train-0757.JPEG
1638	1.0	damage-damage-train-0759.JPEG
1639	1.0	damage-damage-train-0760.JPEG
1640	1.0	damage-damage-train-0761.JPEG
1641	1.0	damage-damage-train-0762.JPEG
1642	1.0	damage-damage-train-0763.JPEG
1643	1.0	damage-damage-train-0764.JPEG
1644	1.0	damage-damage-train-0765.JPEG
1645	1.0	damage-damage-train-0766.JPEG
1646	1.0	damage-damage-train-0767.JPEG
1647	1.0	damage-damage-train-0768.JPEG
1648	1.0	damage-damage-train-0770.JPEG
1649	1.0	damage-damage-train-0772.JPEG
1650	1.0	damage-damage-train-0773.JPEG
1651	1.0	damage-damage-train-0775.JPEG
1652	1.0	damage-damage-train-0776.JPEG
1653	1.0	damage-damage-train-0777.JPEG
1654	1.0	damage-damage-train-0781.JPEG
1655	1.0	damage-damage-train-0782.JPEG
1656	1.0	damage-damage-train-0784.JPEG
1657	1.0	damage-damage-train-0785.JPEG
1658	1.0	damage-damage-train-0786.JPEG
1659	1.0	damage-damage-train-0787.JPEG
1660	1.0	damage-damage-train-0788.JPEG
1661	1.0	damage-damage-train-0789.JPEG
1662	1.0	damage-damage-train-0790.JPEG
1663	1.0	damage-damage-train-0792.JPEG
1664	1.0	damage-damage-train-0793.JPEG
1665	1.0	damage-damage-train-0794.JPEG
1666	1.0	damage-damage-train-0796.JPEG
1667	1.0	damage-damage-train-0797.JPEG
1668	1.0	damage-damage-train-0798.JPEG
1669	1.0	damage-damage-train-0799.JPEG
1670	1.0	damage-damage-train-0801.JPEG
1671	1.0	damage-damage-train-0802.JPEG
1672	1.0	damage-damage-train-0803.JPEG
1673	1.0	damage-damage-train-0804.JPEG
1674	1.0	damage-damage-train-0805.JPEG
1675	1.0	damage-damage-train-0806.JPEG
1676	1.0	damage-damage-train-0807.JPEG
1677	1.0	damage-damage-train-0809.JPEG
1678	1.0	damage-damage-train-0810.JPEG
1679	1.0	damage-damage-train-0812.JPEG
1680	1.0	damage-damage-train-0814.JPEG
1681	1.0	damage-damage-train-0815.JPEG
1682	1.0	damage-damage-train-0816.jpeg
1683	1.0	damage-damage-train-0817.JPEG
1684	1.0	damage-damage-train-0818.JPEG
1685	1.0	damage-damage-train-0819.JPEG
1686	1.0	damage-damage-train-0820.JPEG
1687	1.0	damage-damage-train-0821.JPEG
1688	1.0	damage-damage-train-0823.JPEG
1689	1.0	damage-damage-train-0824.JPEG
1690	1.0	damage-damage-train-0825.JPEG
1691	1.0	damage-damage-train-0826.JPEG
1692	1.0	damage-damage-train-0829.JPEG
1693	1.0	damage-damage-train-0830.JPEG
1694	1.0	damage-damage-train-0832.JPEG
1695	1.0	damage-damage-train-0833.JPEG
1696	1.0	damage-damage-train-0834.JPEG
1697	1.0	damage-damage-train-0835.JPEG
1698	1.0	damage-damage-train-0836.JPEG
1699	1.0	damage-damage-train-0837.JPEG
1700	1.0	damage-damage-train-0838.JPEG
1701	1.0	damage-damage-train-0840.JPEG
1702	1.0	damage-damage-train-0842.JPEG
1703	1.0	damage-damage-train-0843.JPEG
1704	1.0	damage-damage-train-0844.JPEG
1705	1.0	damage-damage-train-0845.jpeg
1706	1.0	damage-damage-train-0846.JPEG
1707	1.0	damage-damage-train-0847.JPEG
1708	1.0	damage-damage-train-0848.JPEG
1709	1.0	damage-damage-train-0849.JPEG
1710	1.0	damage-damage-train-0850.JPEG
1711	1.0	damage-damage-train-0851.JPEG
1712	1.0	damage-damage-train-0852.JPEG
1713	1.0	damage-damage-train-0854.JPEG
1714	1.0	damage-damage-train-0855.JPEG
1715	1.0	damage-damage-train-0856.JPEG
1716	1.0	damage-damage-train-0857.JPEG
1717	1.0	damage-damage-train-0860.JPEG
1718	1.0	damage-damage-train-0861.JPEG
1719	1.0	damage-damage-train-0862.JPEG
1720	1.0	damage-damage-train-0864.JPEG
1721	1.0	damage-damage-train-0865.JPEG
1722	1.0	damage-damage-train-0867.JPEG
1723	1.0	damage-damage-train-0869.JPEG
1724	1.0	damage-damage-train-0871.JPEG
1725	1.0	damage-damage-train-0872.JPEG
1726	1.0	damage-damage-train-0873.JPEG
1727	1.0	damage-damage-train-0874.JPEG
1728	1.0	damage-damage-train-0875.JPEG
1729	1.0	damage-damage-train-0877.JPEG
1730	1.0	damage-damage-train-0878.JPEG
1731	1.0	damage-damage-train-0879.JPEG
1732	1.0	damage-damage-train-0881.JPEG
1733	1.0	damage-damage-train-0883.JPEG
1734	1.0	damage-damage-train-0886.JPEG
1735	1.0	damage-damage-train-0887.JPEG
1736	1.0	damage-damage-train-0888.JPEG
1737	1.0	damage-damage-train-0889.JPEG
1738	1.0	damage-damage-train-0890.JPEG
1739	1.0	damage-damage-train-0891.jpeg
1740	1.0	damage-damage-train-0892.JPEG
1741	1.0	damage-damage-train-0893.JPEG
1742	1.0	damage-damage-train-0894.JPEG
1743	1.0	damage-damage-train-0895.JPEG
1744	1.0	damage-damage-train-0896.JPEG
1745	1.0	damage-damage-train-0897.JPEG
1746	1.0	damage-damage-train-0898.JPEG
1747	1.0	damage-damage-train-0899.JPEG
1748	1.0	damage-damage-train-0900.JPEG
1749	1.0	damage-damage-train-0901.JPEG
1750	1.0	damage-damage-train-0902.JPEG
1751	1.0	damage-damage-train-0903.JPEG
1752	1.0	damage-damage-train-0904.JPEG
1753	1.0	damage-damage-train-0905.JPEG
1754	1.0	damage-damage-train-0908.jpeg
1755	1.0	damage-damage-train-0909.JPEG
1756	1.0	damage-damage-train-0911.JPEG
1757	1.0	damage-damage-train-0912.JPEG
1758	1.0	damage-damage-train-0913.JPEG
1759	1.0	damage-damage-train-0914.JPEG
1760	1.0	damage-damage-train-0915.JPEG
1761	1.0	damage-damage-train-0916.JPEG
1762	1.0	damage-damage-train-0918.JPEG
1763	1.0	damage-damage-train-0920.jpeg
1764	0.0	whole-train-0793.JPEG
1765	0.0	whole-train-0794.JPEG
1766	0.0	whole-train-0796.JPEG
1767	0.0	whole-train-0797.JPEG
1768	0.0	whole-train-0798.JPEG
1769	0.0	whole-train-0799.JPEG
1770	0.0	whole-train-0800.JPEG
1771	0.0	whole-train-0801.JPEG
1772	0.0	whole-train-0802.JPEG
1773	0.0	whole-train-0803.JPEG
1774	0.0	whole-train-0804.JPEG
1775	0.0	whole-train-0805.JPEG
1776	0.0	whole-train-0806.JPEG
1777	0.0	whole-train-0807.JPEG
1778	0.0	whole-train-0809.JPEG
1779	0.0	whole-train-0810.JPEG
1780	0.0	whole-train-0811.JPEG
1781	0.0	whole-train-0812.JPEG
1782	0.0	whole-train-0813.JPEG
1783	0.0	whole-train-0814.JPEG
1784	0.0	whole-train-0815.JPEG
1785	0.0	whole-train-0816.JPEG
1786	0.0	whole-train-0817.JPEG
1787	0.0	whole-train-0818.JPEG
1788	0.0	whole-train-0819.JPEG
1789	0.0	whole-train-0820.JPEG
1790	0.0	whole-train-0821.JPEG
1791	0.0	whole-train-0822.JPEG
1792	0.0	whole-train-0823.JPEG
1793	0.0	whole-train-0824.JPEG
1794	0.0	whole-train-0826.JPEG
1795	0.0	whole-train-0827.JPEG
1796	0.0	whole-train-0828.JPEG
1797	0.0	whole-train-0829.JPEG
1798	0.0	whole-train-0830.JPEG
1799	0.0	whole-train-0831.JPEG
1800	0.0	whole-train-0832.JPEG
1801	0.0	whole-train-0833.JPEG
1802	0.0	whole-train-0834.JPEG
1803	0.0	whole-train-0835.JPEG
1804	0.0	whole-train-0836.JPEG
1805	0.0	whole-train-0838.JPEG
1806	0.0	whole-train-0839.JPEG
1807	0.0	whole-train-0840.JPEG
1808	0.0	whole-train-0841.JPEG
1809	0.0	whole-train-0842.JPEG
1810	0.0	whole-train-0843.JPEG
1811	0.0	whole-train-0844.JPEG
1812	0.0	whole-train-0845.JPEG
1813	0.0	whole-train-0846.JPEG
1814	0.0	whole-train-0847.JPEG
1815	0.0	whole-train-0848.JPEG
1816	0.0	whole-train-0849.JPEG
1817	0.0	whole-train-0850.JPEG
1818	0.0	whole-train-0851.JPEG
1819	0.0	whole-train-0852.JPEG
1820	0.0	whole-train-0853.JPEG
1821	0.0	whole-train-0854.JPEG
1822	0.0	whole-train-0855.JPEG
1823	0.0	whole-train-0856.JPEG
1824	0.0	whole-train-0857.JPEG
1825	0.0	whole-train-0858.JPEG
1826	0.0	whole-train-0859.JPEG
1827	0.0	whole-train-0860.JPEG
1828	0.0	whole-train-0861.JPEG
1829	0.0	whole-train-0862.JPEG
1830	0.0	whole-train-0863.JPEG
1831	0.0	whole-train-0864.JPEG
1832	0.0	whole-train-0866.JPEG
1833	0.0	whole-train-0867.JPEG
1834	0.0	whole-train-0868.JPEG
1835	0.0	whole-train-0869.JPEG
1836	0.0	whole-train-0870.JPEG
1837	0.0	whole-train-0871.JPEG
1838	0.0	whole-train-0872.JPEG
1839	0.0	whole-train-0873.JPEG
1840	0.0	whole-train-0874.JPEG
1841	0.0	whole-train-0875.JPEG
1842	0.0	whole-train-0876.JPEG
1843	0.0	whole-train-0877.JPEG
1844	0.0	whole-train-0878.JPEG
1845	0.0	whole-train-0880.JPEG
1846	0.0	whole-train-0882.JPEG
1847	0.0	whole-train-0883.JPEG
1848	0.0	whole-train-0884.JPEG
1849	0.0	whole-train-0885.JPEG
1850	0.0	whole-train-0886.JPEG
1851	0.0	whole-train-0887.JPEG
1852	0.0	whole-train-0888.JPEG
1853	0.0	whole-train-0889.JPEG
1854	0.0	whole-train-0890.JPEG
1855	0.0	whole-train-0891.JPEG
1856	0.0	whole-train-0892.JPEG
1857	0.0	whole-train-0894.JPEG
1858	0.0	whole-train-0895.JPEG
1859	0.0	whole-train-0896.JPEG
1860	0.0	whole-train-0897.JPEG
1861	0.0	whole-train-0899.JPEG
1862	0.0	whole-train-0900.JPEG
1863	0.0	whole-train-0903.JPEG
1864	0.0	whole-train-0904.JPEG
1865	0.0	whole-train-0905.JPEG
1866	0.0	whole-train-0906.JPEG
1867	0.0	whole-train-0907.JPEG
1868	0.0	whole-train-0908.JPEG
1869	0.0	whole-train-0909.JPEG
1870	0.0	whole-train-0910.JPEG
1871	0.0	whole-train-0911.JPEG
1872	0.0	whole-train-0912.JPEG
1873	0.0	whole-train-0913.JPEG
1874	0.0	whole-train-0914.JPEG
1875	0.0	whole-train-0915.JPEG
1876	0.0	whole-train-0917.JPEG
1877	0.0	whole-train-0918.JPEG
1878	0.0	whole-train-0919.JPEG
1879	0.0	whole-train-0920.JPEG
